Component: ARM Compiler 5.06 update 6 (build 750) Tool: armlink [4d35ed]

==============================================================================

Section Cross References

    startup_stm32f103xb.o(RESET) refers to startup_stm32f103xb.o(STACK) for __initial_sp
    startup_stm32f103xb.o(RESET) refers to startup_stm32f103xb.o(.text) for Reset_Handler
    startup_stm32f103xb.o(RESET) refers to stm32f1xx_it.o(i.NMI_Handler) for NMI_Handler
    startup_stm32f103xb.o(RESET) refers to stm32f1xx_it.o(i.HardFault_Handler) for HardFault_Handler
    startup_stm32f103xb.o(RESET) refers to stm32f1xx_it.o(i.MemManage_Handler) for MemManage_Handler
    startup_stm32f103xb.o(RESET) refers to stm32f1xx_it.o(i.BusFault_Handler) for BusFault_Handler
    startup_stm32f103xb.o(RESET) refers to stm32f1xx_it.o(i.UsageFault_Handler) for UsageFault_Handler
    startup_stm32f103xb.o(RESET) refers to port.o(.emb_text) for SVC_Handler
    startup_stm32f103xb.o(RESET) refers to stm32f1xx_it.o(i.DebugMon_Handler) for DebugMon_Handler
    startup_stm32f103xb.o(RESET) refers to port.o(i.SysTick_Handler) for SysTick_Handler
    startup_stm32f103xb.o(RESET) refers to freertos.o(i.PVD_IRQHandler) for PVD_IRQHandler
    startup_stm32f103xb.o(RESET) refers to stm32f1xx_it.o(i.TIM1_BRK_IRQHandler) for TIM1_BRK_IRQHandler
    startup_stm32f103xb.o(RESET) refers to stm32f1xx_it.o(i.TIM2_IRQHandler) for TIM2_IRQHandler
    startup_stm32f103xb.o(RESET) refers to stm32f1xx_it.o(i.TIM3_IRQHandler) for TIM3_IRQHandler
    startup_stm32f103xb.o(RESET) refers to stm32f1xx_it.o(i.TIM4_IRQHandler) for TIM4_IRQHandler
    startup_stm32f103xb.o(RESET) refers to usart.o(i.USART1_IRQHandler) for USART1_IRQHandler
    startup_stm32f103xb.o(RESET) refers to stm32f1xx_it.o(i.USART2_IRQHandler) for USART2_IRQHandler
    startup_stm32f103xb.o(.text) refers to system_stm32f1xx.o(i.SystemInit) for SystemInit
    startup_stm32f103xb.o(.text) refers to entry.o(.ARM.Collect$$$$00000000) for __main
    st7567.o(i.Ddl_Delay1ms) refers to stm32f1xx_hal.o(i.HAL_Delay) for HAL_Delay
    st7567.o(i.LDZ_Cfg) refers to st7567.o(i.LDZ_WriteCMD) for LDZ_WriteCMD
    st7567.o(i.LDZ_Cfg) refers to st7567.o(i.Ddl_Delay1ms) for Ddl_Delay1ms
    st7567.o(i.LDZ_Clear) refers to st7567.o(i.LDZ_ClearPage) for LDZ_ClearPage
    st7567.o(i.LDZ_ClearPage) refers to st7567.o(i.LDZ_SetAddr) for LDZ_SetAddr
    st7567.o(i.LDZ_ClearPage) refers to st7567.o(i.LDZ_WriteDAT) for LDZ_WriteDAT
    st7567.o(i.LDZ_Init) refers to stm32f1xx_hal_gpio.o(i.HAL_GPIO_WritePin) for HAL_GPIO_WritePin
    st7567.o(i.LDZ_Init) refers to st7567.o(i.Ddl_Delay1ms) for Ddl_Delay1ms
    st7567.o(i.LDZ_SendBit) refers to stm32f1xx_hal_gpio.o(i.HAL_GPIO_WritePin) for HAL_GPIO_WritePin
    st7567.o(i.LDZ_SetAddr) refers to st7567.o(i.LDZ_WriteCMD) for LDZ_WriteCMD
    st7567.o(i.LDZ_ShowASC16) refers to st7567.o(i.LDZ_SetAddr) for LDZ_SetAddr
    st7567.o(i.LDZ_ShowASC16) refers to st7567.o(i.LDZ_WriteDAT) for LDZ_WriteDAT
    st7567.o(i.LDZ_ShowASC16) refers to st7567.o(.constdata) for .constdata
    st7567.o(i.LDZ_ShowASC32) refers to st7567.o(i.LDZ_SetAddr) for LDZ_SetAddr
    st7567.o(i.LDZ_ShowASC32) refers to st7567.o(i.LDZ_WriteDAT) for LDZ_WriteDAT
    st7567.o(i.LDZ_ShowASC32) refers to st7567.o(.constdata) for .constdata
    st7567.o(i.LDZ_ShowASC8) refers to st7567.o(i.LDZ_SetAddr) for LDZ_SetAddr
    st7567.o(i.LDZ_ShowASC8) refers to st7567.o(i.LDZ_WriteDAT) for LDZ_WriteDAT
    st7567.o(i.LDZ_ShowASC8) refers to st7567.o(.constdata) for .constdata
    st7567.o(i.LDZ_ShowBMP) refers to st7567.o(i.LDZ_SetAddr) for LDZ_SetAddr
    st7567.o(i.LDZ_ShowBMP) refers to st7567.o(i.LDZ_WriteDAT) for LDZ_WriteDAT
    st7567.o(i.LDZ_ShowBMP) refers to st7567.o(.constdata) for .constdata
    st7567.o(i.LDZ_ShowCHN16) refers to st7567.o(i.LDZ_SetAddr) for LDZ_SetAddr
    st7567.o(i.LDZ_ShowCHN16) refers to st7567.o(i.LDZ_WriteDAT) for LDZ_WriteDAT
    st7567.o(i.LDZ_ShowCHN16) refers to st7567.o(.constdata) for .constdata
    st7567.o(i.LDZ_ShowCHN32) refers to st7567.o(i.LDZ_SetAddr) for LDZ_SetAddr
    st7567.o(i.LDZ_ShowCHN32) refers to st7567.o(i.LDZ_WriteDAT) for LDZ_WriteDAT
    st7567.o(i.LDZ_ShowCHN32) refers to st7567.o(.constdata) for .constdata
    st7567.o(i.LDZ_ShowENG16) refers to st7567.o(i.LDZ_SetAddr) for LDZ_SetAddr
    st7567.o(i.LDZ_ShowENG16) refers to st7567.o(i.LDZ_WriteDAT) for LDZ_WriteDAT
    st7567.o(i.LDZ_ShowENG16) refers to st7567.o(.constdata) for .constdata
    st7567.o(i.LDZ_ShowPicture) refers to st7567.o(i.LDZ_SetAddr) for LDZ_SetAddr
    st7567.o(i.LDZ_ShowPicture) refers to st7567.o(i.LDZ_WriteDAT) for LDZ_WriteDAT
    st7567.o(i.LDZ_ShowPictureAnimation) refers to st7567.o(i.LDZ_SetAddr) for LDZ_SetAddr
    st7567.o(i.LDZ_ShowPictureAnimation) refers to st7567.o(i.LDZ_WriteDAT) for LDZ_WriteDAT
    st7567.o(i.LDZ_ShowPictureAnimation) refers to stm32f1xx_hal.o(i.HAL_Delay) for HAL_Delay
    st7567.o(i.LDZ_ShowPictureAnimation) refers to st7567.o(.data) for .data
[...]
    i.uxListRemove                           0x08008258   Section        0  list.o(i.uxListRemove)
    i.vApplicationGetIdleTaskMemory          0x08008280   Section        0  freertos.o(i.vApplicationGetIdleTaskMemory)
    i.vListInitialise                        0x08008294   Section        0  list.o(i.vListInitialise)
    i.vListInitialiseItem                    0x080082aa   Section        0  list.o(i.vListInitialiseItem)
    i.vListInsert                            0x080082b0   Section        0  list.o(i.vListInsert)
    i.vListInsertEnd                         0x080082e0   Section        0  list.o(i.vListInsertEnd)
    i.vPortEnterCritical                     0x080082f8   Section        0  port.o(i.vPortEnterCritical)
    i.vPortExitCritical                      0x08008338   Section        0  port.o(i.vPortExitCritical)
    i.vPortFree                              0x08008364   Section        0  heap_4.o(i.vPortFree)
    i.vPortSetupTimerInterrupt               0x080083c8   Section        0  port.o(i.vPortSetupTimerInterrupt)
    i.vTaskDelay                             0x080083ec   Section        0  tasks.o(i.vTaskDelay)
    i.vTaskStartScheduler                    0x0800843c   Section        0  tasks.o(i.vTaskStartScheduler)
    i.vTaskSuspendAll                        0x080084c4   Section        0  tasks.o(i.vTaskSuspendAll)
    i.vTaskSwitchContext                     0x080084d4   Section        0  tasks.o(i.vTaskSwitchContext)
    i.warning_Interface                      0x08008534   Section        0  freertos.o(i.warning_Interface)
    i.xPortStartScheduler                    0x080085e4   Section        0  port.o(i.xPortStartScheduler)
    i.xTaskCreate                            0x0800868c   Section        0  tasks.o(i.xTaskCreate)
    i.xTaskCreateStatic                      0x080086f0   Section        0  tasks.o(i.xTaskCreateStatic)
    i.xTaskIncrementTick                     0x0800874c   Section        0  tasks.o(i.xTaskIncrementTick)
    i.xTaskResumeAll                         0x0800881c   Section        0  tasks.o(i.xTaskResumeAll)
    .constdata                               0x080088e8   Section     5256  st7567.o(.constdata)
    .constdata                               0x08009d70   Section      168  freertos.o(.constdata)
    .constdata                               0x08009e18   Section       18  stm32f1xx_hal_rcc.o(.constdata)
    aPredivFactorTable                       0x08009e18   Data           2  stm32f1xx_hal_rcc.o(.constdata)
    aPLLMULFactorTable                       0x08009e1a   Data          16  stm32f1xx_hal_rcc.o(.constdata)
    .constdata                               0x08009e2a   Section       16  system_stm32f1xx.o(.constdata)
    .constdata                               0x08009e3a   Section        8  system_stm32f1xx.o(.constdata)
    .conststring                             0x08009e44   Section       82  freertos.o(.conststring)
    .data                                    0x20000000   Section        1  main.o(.data)
    .data                                    0x20000004   Section      364  freertos.o(.data)
    previousValue                            0x20000078   Data           4  freertos.o(.data)
    .data                                    0x20000170   Section        4  usart.o(.data)
    .data                                    0x20000174   Section       12  stm32f1xx_hal.o(.data)
    .data                                    0x20000180   Section        4  system_stm32f1xx.o(.data)
    .data                                    0x20000184   Section       60  tasks.o(.data)
    uxDeletedTasksWaitingCleanUp             0x20000188   Data           4  tasks.o(.data)
    uxCurrentNumberOfTasks                   0x2000018c   Data           4  tasks.o(.data)
    xTickCount                               0x20000190   Data           4  tasks.o(.data)
    uxTopReadyPriority                       0x20000194   Data           4  tasks.o(.data)
    xSchedulerRunning                        0x20000198   Data           4  tasks.o(.data)
    xPendedTicks                             0x2000019c   Data           4  tasks.o(.data)
    xYieldPending                            0x200001a0   Data           4  tasks.o(.data)
    xNumOfOverflows                          0x200001a4   Data           4  tasks.o(.data)
    uxTaskNumber                             0x200001a8   Data           4  tasks.o(.data)
    xNextTaskUnblockTime                     0x200001ac   Data           4  tasks.o(.data)
    xIdleTaskHandle                          0x200001b0   Data           4  tasks.o(.data)
    uxSchedulerSuspended                     0x200001b4   Data           4  tasks.o(.data)
    pxDelayedTaskList                        0x200001b8   Data           4  tasks.o(.data)
    pxOverflowDelayedTaskList                0x200001bc   Data           4  tasks.o(.data)
    .data                                    0x200001c0   Section       32  heap_4.o(.data)
    pxEnd                                    0x200001c0   Data           4  heap_4.o(.data)
    xFreeBytesRemaining                      0x200001c4   Data           4  heap_4.o(.data)
    xMinimumEverFreeBytesRemaining           0x200001c8   Data           4  heap_4.o(.data)
    xNumberOfSuccessfulAllocations           0x200001cc   Data           4  heap_4.o(.data)
    xNumberOfSuccessfulFrees                 0x200001d0   Data           4  heap_4.o(.data)
    xBlockAllocatedBit                       0x200001d4   Data           4  heap_4.o(.data)
    xStart                                   0x200001d8   Data           8  heap_4.o(.data)
    .data                                    0x200001e0   Section       12  port.o(.data)
    ucMaxSysCallPriority                     0x200001e0   Data           1  port.o(.data)
    uxCriticalNesting                        0x200001e4   Data           4  port.o(.data)
    ulMaxPRIGROUPValue                       0x200001e8   Data           4  port.o(.data)
    .data                                    0x200001ec   Section        4  stdout.o(.data)
    .bss                                     0x200001f0   Section     1280  modbus.o(.bss)
    .bss                                     0x200006f0   Section      656  freertos.o(.bss)
    xIdleTaskTCBBuffer                       0x2000072c   Data          84  freertos.o(.bss)
    xIdleStack                               0x20000780   Data         512  freertos.o(.bss)
    .bss                                     0x20000980   Section       84  i2c.o(.bss)
    .bss                                     0x200009d4   Section       88  spi.o(.bss)
    .bss                                     0x20000a2c   Section      216  tim.o(.bss)
    .bss                                     0x20000b04   Section      144  usart.o(.bss)
    .bss                                     0x20000b94   Section       72  stm32f1xx_hal_timebase_tim.o(.bss)
    .bss                                     0x20000bdc   Section      240  tasks.o(.bss)
    pxReadyTasksLists                        0x20000bdc   Data         140  tasks.o(.bss)
    xDelayedTaskList1                        0x20000c68   Data          20  tasks.o(.bss)
    xDelayedTaskList2                        0x20000c7c   Data          20  tasks.o(.bss)
    xPendingReadyList                        0x20000c90   Data          20  tasks.o(.bss)
    xTasksWaitingTermination                 0x20000ca4   Data          20  tasks.o(.bss)
    xSuspendedTaskList                       0x20000cb8   Data          20  tasks.o(.bss)
    .bss                                     0x20000ccc   Section     6144  heap_4.o(.bss)
    ucHeap                                   0x20000ccc   Data        6144  heap_4.o(.bss)
    STACK                                    0x200024d0   Section     1024  startup_stm32f103xb.o(STACK)

    Global Symbols

    Symbol Name                              Value     Ov Type        Size  Object(Section)

    BuildAttributes$$THM_ISAv4$P$D$K$B$S$PE$A:L22UL41UL21$X:L11$S22US41US21$IEEE1$IW$USESV6$~STKCKD$USESV7$~SHL$OTIME$ROPI$EBA8$MICROLIB$REQ8$PRES8$EABIv2 0x00000000   Number         0  anon$$obj.o ABSOLUTE
    __ARM_use_no_argv                        0x00000000   Number         0  main.o ABSOLUTE
    _printf_a                                0x00000000   Number         0  stubs.o ABSOLUTE
    _printf_c                                0x00000000   Number         0  stubs.o ABSOLUTE
    _printf_charcount                        0x00000000   Number         0  stubs.o ABSOLUTE
    _printf_d                                0x00000000   Number         0  stubs.o ABSOLUTE
    _printf_e                                0x00000000   Number         0  stubs.o ABSOLUTE
    _printf_f                                0x00000000   Number         0  stubs.o ABSOLUTE
    _printf_flags                            0x00000000   Number         0  stubs.o ABSOLUTE
    _printf_fp_dec                           0x00000000   Number         0  stubs.o ABSOLUTE
    _printf_fp_hex                           0x00000000   Number         0  stubs.o ABSOLUTE
    _printf_g                                0x00000000   Number         0  stubs.o ABSOLUTE
    _printf_i                                0x00000000   Number         0  stubs.o ABSOLUTE
    _printf_int_dec                          0x00000000   Number         0  stubs.o ABSOLUTE
    _printf_l                                0x00000000   Number         0  stubs.o ABSOLUTE
    _printf_lc                               0x00000000   Number         0  stubs.o ABSOLUTE
    _printf_ll                               0x00000000   Number         0  stubs.o ABSOLUTE
    _printf_lld                              0x00000000   Number         0  stubs.o ABSOLUTE
    _printf_lli                              0x00000000   Number         0  stubs.o ABSOLUTE
    _printf_llo                              0x00000000   Number         0  stubs.o ABSOLUTE
    _printf_llu                              0x00000000   Number         0  stubs.o ABSOLUTE
    _printf_llx                              0x00000000   Number         0  stubs.o ABSOLUTE
    _printf_longlong_dec                     0x00000000   Number         0  stubs.o ABSOLUTE
    _printf_longlong_hex                     0x00000000   Number         0  stubs.o ABSOLUTE
    _printf_longlong_oct                     0x00000000   Number         0  stubs.o ABSOLUTE
    _printf_ls                               0x00000000   Number         0  stubs.o ABSOLUTE
    _printf_mbtowc                           0x00000000   Number         0  stubs.o ABSOLUTE
    _printf_n                                0x00000000   Number         0  stubs.o ABSOLUTE
    _printf_o                                0x00000000   Number         0  stubs.o ABSOLUTE
    _printf_p                                0x00000000   Number         0  stubs.o ABSOLUTE
    _printf_percent                          0x00000000   Number         0  stubs.o ABSOLUTE
    _printf_pre_padding                      0x00000000   Number         0  stubs.o ABSOLUTE
    _printf_return_value                     0x00000000   Number         0  stubs.o ABSOLUTE
    _printf_s                                0x00000000   Number         0  stubs.o ABSOLUTE
    _printf_sizespec                         0x00000000   Number         0  stubs.o ABSOLUTE
    _printf_str                              0x00000000   Number         0  stubs.o ABSOLUTE
    _printf_truncate_signed                  0x00000000   Number         0  stubs.o ABSOLUTE
    _printf_truncate_unsigned                0x00000000   Number         0  stubs.o ABSOLUTE
    _printf_u                                0x00000000   Number         0  stubs.o ABSOLUTE
    _printf_wc                               0x00000000   Number         0  stubs.o ABSOLUTE
    _printf_wctomb                           0x00000000   Number         0  stubs.o ABSOLUTE
    _printf_widthprec                        0x00000000   Number         0  stubs.o ABSOLUTE
    _printf_x                                0x00000000   Number         0  stubs.o ABSOLUTE
    __cpp_initialize__aeabi_                  - Undefined Weak Reference
    __cxa_finalize                            - Undefined Weak Reference
    _clock_init                               - Undefined Weak Reference
    _microlib_exit                            - Undefined Weak Reference
    __Vectors_Size                           0x000000ec   Number         0  startup_stm32f103xb.o ABSOLUTE
    __Vectors                                0x08000000   Data           4  startup_stm32f103xb.o(RESET)
    __Vectors_End                            0x080000ec   Data           0  startup_stm32f103xb.o(RESET)
    __main                                   0x080000ed   Thumb Code     0  entry.o(.ARM.Collect$$$$00000000)
    _main_stk                                0x080000ed   Thumb Code     0  entry2.o(.ARM.Collect$$$$00000001)
    _main_scatterload                        0x080000f1   Thumb Code     0  entry5.o(.ARM.Collect$$$$00000004)
    __main_after_scatterload                 0x080000f5   Thumb Code     0  entry5.o(.ARM.Collect$$$$00000004)
    _main_clock                              0x080000f5   Thumb Code     0  entry7b.o(.ARM.Collect$$$$00000008)
    _main_cpp_init                           0x080000f5   Thumb Code     0  entry8b.o(.ARM.Collect$$$$0000000A)
    _main_init                               0x080000f5   Thumb Code     0  entry9a.o(.ARM.Collect$$$$0000000B)
    __rt_final_cpp                           0x080000fd   Thumb Code     0  entry10a.o(.ARM.Collect$$$$0000000D)
    __rt_final_exit                          0x080000fd   Thumb Code     0  entry11a.o(.ARM.Collect$$$$0000000F)
    SVC_Handler                              0x08000101   Thumb Code    32  port.o(.emb_text)
    __asm___6_port_c_39a90d8d__prvStartFirstTask 0x08000125   Thumb Code    28  port.o(.emb_text)
    PendSV_Handler                           0x08000145   Thumb Code    72  port.o(.emb_text)
    vPortGetIPSR                             0x08000191   Thumb Code     6  port.o(.emb_text)
    Reset_Handler                            0x08000199   Thumb Code     8  startup_stm32f103xb.o(.text)
    ADC1_2_IRQHandler                        0x080001b3   Thumb Code     0  startup_stm32f103xb.o(.text)
    CAN1_RX1_IRQHandler                      0x080001b3   Thumb Code     0  startup_stm32f103xb.o(.text)
    CAN1_SCE_IRQHandler                      0x080001b3   Thumb Code     0  startup_stm32f103xb.o(.text)
    DMA1_Channel1_IRQHandler                 0x080001b3   Thumb Code     0  startup_stm32f103xb.o(.text)
    DMA1_Channel2_IRQHandler                 0x080001b3   Thumb Code     0  startup_stm32f103xb.o(.text)
    DMA1_Channel3_IRQHandler                 0x080001b3   Thumb Code     0  startup_stm32f103xb.o(.text)
    DMA1_Channel4_IRQHandler                 0x080001b3   Thumb Code     0  startup_stm32f103xb.o(.text)
    DMA1_Channel5_IRQHandler                 0x080001b3   Thumb Code     0  startup_stm32f103xb.o(.text)
    DMA1_Channel6_IRQHandler                 0x080001b3   Thumb Code     0  startup_stm32f103xb.o(.text)
    DMA1_Channel7_IRQHandler                 0x080001b3   Thumb Code     0  startup_stm32f103xb.o(.text)
    EXTI0_IRQHandler                         0x080001b3   Thumb Code     0  startup_stm32f103xb.o(.text)
    EXTI15_10_IRQHandler                     0x080001b3   Thumb Code     0  startup_stm32f103xb.o(.text)
    EXTI1_IRQHandler                         0x080001b3   Thumb Code     0  startup_stm32f103xb.o(.text)
    EXTI2_IRQHandler                         0x080001b3   Thumb Code     0  startup_stm32f103xb.o(.text)
    EXTI3_IRQHandler                         0x080001b3   Thumb Code     0  startup_stm32f103xb.o(.text)
    EXTI4_IRQHandler                         0x080001b3   Thumb Code     0  startup_stm32f103xb.o(.text)
    EXTI9_5_IRQHandler                       0x080001b3   Thumb Code     0  startup_stm32f103xb.o(.text)
    FLASH_IRQHandler                         0x080001b3   Thumb Code     0  startup_stm32f103xb.o(.text)
    I2C1_ER_IRQHandler                       0x080001b3   Thumb Code     0  startup_stm32f103xb.o(.text)
    I2C1_EV_IRQHandler                       0x080001b3   Thumb Code     0  startup_stm32f103xb.o(.text)
    I2C2_ER_IRQHandler                       0x080001b3   Thumb Code     0  startup_stm32f103xb.o(.text)
    I2C2_EV_IRQHandler                       0x080001b3   Thumb Code     0  startup_stm32f103xb.o(.text)
    RCC_IRQHandler                           0x080001b3   Thumb Code     0  startup_stm32f103xb.o(.text)
    RTC_Alarm_IRQHandler                     0x080001b3   Thumb Code     0  startup_stm32f103xb.o(.text)
    RTC_IRQHandler                           0x080001b3   Thumb Code     0  startup_stm32f103xb.o(.text)
    SPI1_IRQHandler                          0x080001b3   Thumb Code     0  startup_stm32f103xb.o(.text)
    SPI2_IRQHandler                          0x080001b3   Thumb Code     0  startup_stm32f103xb.o(.text)
    TAMPER_IRQHandler                        0x080001b3   Thumb Code     0  startup_stm32f103xb.o(.text)
    TIM1_CC_IRQHandler                       0x080001b3   Thumb Code     0  startup_stm32f103xb.o(.text)
    TIM1_TRG_COM_IRQHandler                  0x080001b3   Thumb Code     0  startup_stm32f103xb.o(.text)
    TIM1_UP_IRQHandler                       0x080001b3   Thumb Code     0  startup_stm32f103xb.o(.text)
    USART3_IRQHandler                        0x080001b3   Thumb Code     0  startup_stm32f103xb.o(.text)
    USBWakeUp_IRQHandler                     0x080001b3   Thumb Code     0  startup_stm32f103xb.o(.text)
    USB_HP_CAN1_TX_IRQHandler                0x080001b3   Thumb Code     0  startup_stm32f103xb.o(.text)
    USB_LP_CAN1_RX0_IRQHandler               0x080001b3   Thumb Code     0  startup_stm32f103xb.o(.text)
    WWDG_IRQHandler                          0x080001b3   Thumb Code     0  startup_stm32f103xb.o(.text)
    __aeabi_llsr                             0x080001bd   Thumb Code    32  llushr.o(.text)
    _ll_ushift_r                             0x080001bd   Thumb Code     0  llushr.o(.text)
    __aeabi_memcpy                           0x080001dd   Thumb Code    36  memcpya.o(.text)
    __aeabi_memcpy4                          0x080001dd   Thumb Code     0  memcpya.o(.text)
    __aeabi_memcpy8                          0x080001dd   Thumb Code     0  memcpya.o(.text)
    __aeabi_memset                           0x08000201   Thumb Code    14  memseta.o(.text)
    __aeabi_memset4                          0x08000201   Thumb Code     0  memseta.o(.text)
    __aeabi_memset8                          0x08000201   Thumb Code     0  memseta.o(.text)
    __aeabi_memclr                           0x0800020f   Thumb Code     4  memseta.o(.text)
    __aeabi_memclr4                          0x0800020f   Thumb Code     0  memseta.o(.text)
    __aeabi_memclr8                          0x0800020f   Thumb Code     0  memseta.o(.text)
    memset                                   0x08000213   Thumb Code    18  memseta.o(.text)
    __aeabi_fadd                             0x08000225   Thumb Code   164  fadd.o(.text)
    __aeabi_fsub                             0x080002c9   Thumb Code     6  fadd.o(.text)
    __aeabi_frsub                            0x080002cf   Thumb Code     6  fadd.o(.text)
    __aeabi_fmul                             0x080002d5   Thumb Code   100  fmul.o(.text)
    __aeabi_fdiv                             0x08000339   Thumb Code   124  fdiv.o(.text)
    __ARM_scalbnf                            0x080003b5   Thumb Code    24  fscalb.o(.text)
    scalbnf                                  0x080003b5   Thumb Code     0  fscalb.o(.text)
    __aeabi_dmul                             0x080003cd   Thumb Code   228  dmul.o(.text)
    __aeabi_ddiv                             0x080004b1   Thumb Code   222  ddiv.o(.text)
    __aeabi_i2f                              0x0800058f   Thumb Code    18  fflti.o(.text)
    __aeabi_ui2f                             0x080005a1   Thumb Code    10  ffltui.o(.text)
    __aeabi_ui2d                             0x080005ab   Thumb Code    26  dfltui.o(.text)
    __aeabi_f2iz                             0x080005c5   Thumb Code    50  ffixi.o(.text)
    __aeabi_f2uiz                            0x080005f7   Thumb Code    40  ffixui.o(.text)
    __aeabi_f2d                              0x0800061f   Thumb Code    38  f2d.o(.text)
    __aeabi_d2f                              0x08000645   Thumb Code    56  d2f.o(.text)
    __aeabi_cfcmpeq                          0x0800067d   Thumb Code     0  cfcmple.o(.text)
    __aeabi_cfcmple                          0x0800067d   Thumb Code    20  cfcmple.o(.text)
    __aeabi_cfrcmple                         0x08000691   Thumb Code    20  cfrcmple.o(.text)
    __aeabi_uidiv                            0x080006a5   Thumb Code     0  uidiv.o(.text)
    __aeabi_uidivmod                         0x080006a5   Thumb Code    44  uidiv.o(.text)
    __aeabi_uldivmod                         0x080006d1   Thumb Code    98  uldiv.o(.text)
    __I$use$fp                               0x08000733   Thumb Code     0  iusefp.o(.text)
    _float_round                             0x08000733   Thumb Code    18  fepilogue.o(.text)
    _float_epilogue                          0x08000745   Thumb Code    92  fepilogue.o(.text)
    _double_round                            0x080007a1   Thumb Code    30  depilogue.o(.text)
    _double_epilogue                         0x080007bf   Thumb Code   156  depilogue.o(.text)
    __aeabi_dadd                             0x0800085b   Thumb Code   322  dadd.o(.text)
    __aeabi_dsub                             0x0800099d   Thumb Code     6  dadd.o(.text)
    __aeabi_drsub                            0x080009a3   Thumb Code     6  dadd.o(.text)
    __aeabi_d2ulz                            0x080009a9   Thumb Code    48  dfixul.o(.text)
    __aeabi_cdrcmple                         0x080009d9   Thumb Code    48  cdrcmple.o(.text)
    __scatterload                            0x08000a09   Thumb Code    28  init.o(.text)
    __scatterload_rt2                        0x08000a09   Thumb Code     0  init.o(.text)
    __aeabi_llsl                             0x08000a2d   Thumb Code    30  llshl.o(.text)
    _ll_shift_l                              0x08000a2d   Thumb Code     0  llshl.o(.text)
    __aeabi_lasr                             0x08000a4b   Thumb Code    36  llsshr.o(.text)
    _ll_sshift_r                             0x08000a4b   Thumb Code     0  llsshr.o(.text)
    __decompress                             0x08000a6f   Thumb Code     0  __dczerorl.o(.text)
    __decompress0                            0x08000a6f   Thumb Code    58  __dczerorl.o(.text)
    AT24C02_read                             0x08000aa9   Thumb Code    38  at24c02.o(i.AT24C02_read)
    AT24C02_write                            0x08000ad5   Thumb Code   228  at24c02.o(i.AT24C02_write)
    BusFault_Handler                         0x08000bc1   Thumb Code     2  stm32f1xx_it.o(i.BusFault_Handler)
    Current_Volt_Interface                   0x08000bc5   Thumb Code   514  freertos.o(i.Current_Volt_Interface)
    Current_set                              0x08000dd5   Thumb Code   122  freertos.o(i.Current_set)
    Ddl_Delay1ms                             0x08000e55   Thumb Code     4  st7567.o(i.Ddl_Delay1ms)
    DebugMon_Handler                         0x08000e59   Thumb Code     2  stm32f1xx_it.o(i.DebugMon_Handler)
    Default_Interface                        0x08000e5d   Thumb Code   756  freertos.o(i.Default_Interface)
    Error_Handler                            0x08001169   Thumb Code     4  main.o(i.Error_Handler)
    Get_Keyval                               0x0800116d   Thumb Code   184  freertos.o(i.Get_Keyval)
    HAL_AT24C02_read                         0x0800122d   Thumb Code    38  at24c02.o(i.HAL_AT24C02_read)
    HAL_DMA_Abort                            0x08001259   Thumb Code    70  stm32f1xx_hal_dma.o(i.HAL_DMA_Abort)
    HAL_DMA_Abort_IT                         0x080012a1   Thumb Code   148  stm32f1xx_hal_dma.o(i.HAL_DMA_Abort_IT)
    HAL_Delay                                0x08001339   Thumb Code    32  stm32f1xx_hal.o(i.HAL_Delay)
    HAL_GPIO_Init                            0x0800135d   Thumb Code   464  stm32f1xx_hal_gpio.o(i.HAL_GPIO_Init)
    HAL_GPIO_ReadPin                         0x0800154d   Thumb Code    14  stm32f1xx_hal_gpio.o(i.HAL_GPIO_ReadPin)
    HAL_GPIO_TogglePin                       0x0800155b   Thumb Code    16  stm32f1xx_hal_gpio.o(i.HAL_GPIO_TogglePin)
    HAL_GPIO_WritePin                        0x0800156b   Thumb Code    14  stm32f1xx_hal_gpio.o(i.HAL_GPIO_WritePin)
    HAL_GetTick                              0x08001579   Thumb Code     6  stm32f1xx_hal.o(i.HAL_GetTick)
    HAL_I2C_Init                             0x08001585   Thumb Code   392  stm32f1xx_hal_i2c.o(i.HAL_I2C_Init)
    HAL_I2C_Mem_Read                         0x0800171d   Thumb Code   728  stm32f1xx_hal_i2c.o(i.HAL_I2C_Mem_Read)
    HAL_I2C_Mem_Write                        0x08001a05   Thumb Code   316  stm32f1xx_hal_i2c.o(i.HAL_I2C_Mem_Write)
    HAL_I2C_MspInit                          0x08001b49   Thumb Code    96  i2c.o(i.HAL_I2C_MspInit)
    HAL_IncTick                              0x08001bb9   Thumb Code    12  stm32f1xx_hal.o(i.HAL_IncTick)
    HAL_Init                                 0x08001bc9   Thumb Code    32  stm32f1xx_hal.o(i.HAL_Init)
    HAL_InitTick                             0x08001bed   Thumb Code   134  stm32f1xx_hal_timebase_tim.o(i.HAL_InitTick)
    HAL_MspInit                              0x08001c85   Thumb Code    78  stm32f1xx_hal_msp.o(i.HAL_MspInit)
    HAL_NVIC_EnableIRQ                       0x08001cdd   Thumb Code    26  stm32f1xx_hal_cortex.o(i.HAL_NVIC_EnableIRQ)
    HAL_NVIC_SetPriority                     0x08001cf9   Thumb Code    60  stm32f1xx_hal_cortex.o(i.HAL_NVIC_SetPriority)
    HAL_NVIC_SetPriorityGrouping             0x08001d39   Thumb Code    26  stm32f1xx_hal_cortex.o(i.HAL_NVIC_SetPriorityGrouping)
    HAL_PWR_ConfigPVD                        0x08001d5d   Thumb Code   116  stm32f1xx_hal_pwr.o(i.HAL_PWR_ConfigPVD)
    HAL_PWR_DisablePVD                       0x08001dd9   Thumb Code     8  stm32f1xx_hal_pwr.o(i.HAL_PWR_DisablePVD)
    HAL_PWR_EnablePVD                        0x08001de5   Thumb Code     8  stm32f1xx_hal_pwr.o(i.HAL_PWR_EnablePVD)
    HAL_RCC_ClockConfig                      0x08001df1   Thumb Code   318  stm32f1xx_hal_rcc.o(i.HAL_RCC_ClockConfig)
    HAL_RCC_GetClockConfig                   0x08001f45   Thumb Code    52  stm32f1xx_hal_rcc.o(i.HAL_RCC_GetClockConfig)
    HAL_RCC_GetHCLKFreq                      0x08001f81   Thumb Code     6  stm32f1xx_hal_rcc.o(i.HAL_RCC_GetHCLKFreq)
    HAL_RCC_GetPCLK1Freq                     0x08001f8d   Thumb Code    22  stm32f1xx_hal_rcc.o(i.HAL_RCC_GetPCLK1Freq)
    HAL_RCC_GetPCLK2Freq                     0x08001fad   Thumb Code    22  stm32f1xx_hal_rcc.o(i.HAL_RCC_GetPCLK2Freq)
    HAL_RCC_GetSysClockFreq                  0x08001fcd   Thumb Code    58  stm32f1xx_hal_rcc.o(i.HAL_RCC_GetSysClockFreq)
    HAL_RCC_OscConfig                        0x08002019   Thumb Code   882  stm32f1xx_hal_rcc.o(i.HAL_RCC_OscConfig)
    HAL_SPI_Init                             0x0800239d   Thumb Code   180  stm32f1xx_hal_spi.o(i.HAL_SPI_Init)
    HAL_SPI_MspInit                          0x08002451   Thumb Code   104  spi.o(i.HAL_SPI_MspInit)
    HAL_SPI_TransmitReceive                  0x080024c5   Thumb Code   506  stm32f1xx_hal_spi.o(i.HAL_SPI_TransmitReceive)
    HAL_TIMEx_BreakCallback                  0x080026bf   Thumb Code     2  stm32f1xx_hal_tim_ex.o(i.HAL_TIMEx_BreakCallback)
    HAL_TIMEx_CommutCallback                 0x080026c1   Thumb Code     2  stm32f1xx_hal_tim_ex.o(i.HAL_TIMEx_CommutCallback)
    HAL_TIMEx_ConfigBreakDeadTime            0x080026c3   Thumb Code    84  stm32f1xx_hal_tim_ex.o(i.HAL_TIMEx_ConfigBreakDeadTime)
    HAL_TIMEx_MasterConfigSynchronization    0x08002719   Thumb Code    90  stm32f1xx_hal_tim_ex.o(i.HAL_TIMEx_MasterConfigSynchronization)
    HAL_TIM_Base_Init                        0x08002781   Thumb Code    74  stm32f1xx_hal_tim.o(i.HAL_TIM_Base_Init)
    HAL_TIM_Base_MspInit                     0x080027cd   Thumb Code    92  tim.o(i.HAL_TIM_Base_MspInit)
    HAL_TIM_Base_Start_IT                    0x08002835   Thumb Code    86  stm32f1xx_hal_tim.o(i.HAL_TIM_Base_Start_IT)
    HAL_TIM_ConfigClockSource                0x08002899   Thumb Code   232  stm32f1xx_hal_tim.o(i.HAL_TIM_ConfigClockSource)
    HAL_TIM_IC_CaptureCallback               0x08002981   Thumb Code     2  stm32f1xx_hal_tim.o(i.HAL_TIM_IC_CaptureCallback)
    HAL_TIM_IRQHandler                       0x08002983   Thumb Code   312  stm32f1xx_hal_tim.o(i.HAL_TIM_IRQHandler)
    HAL_TIM_MspPostInit                      0x08002abd   Thumb Code    64  tim.o(i.HAL_TIM_MspPostInit)
    HAL_TIM_OC_DelayElapsedCallback          0x08002b09   Thumb Code     2  stm32f1xx_hal_tim.o(i.HAL_TIM_OC_DelayElapsedCallback)
    HAL_TIM_PWM_ConfigChannel                0x08002b0b   Thumb Code   216  stm32f1xx_hal_tim.o(i.HAL_TIM_PWM_ConfigChannel)
    HAL_TIM_PWM_Init                         0x08002be3   Thumb Code    74  stm32f1xx_hal_tim.o(i.HAL_TIM_PWM_Init)
    HAL_TIM_PWM_MspInit                      0x08002c2d   Thumb Code    50  tim.o(i.HAL_TIM_PWM_MspInit)
    HAL_TIM_PWM_PulseFinishedCallback        0x08002c69   Thumb Code     2  stm32f1xx_hal_tim.o(i.HAL_TIM_PWM_PulseFinishedCallback)
    HAL_TIM_PeriodElapsedCallback            0x08002c6d   Thumb Code    88  usart.o(i.HAL_TIM_PeriodElapsedCallback)
    HAL_TIM_TriggerCallback                  0x08002cd1   Thumb Code     2  stm32f1xx_hal_tim.o(i.HAL_TIM_TriggerCallback)
    HAL_UARTEx_RxEventCallback               0x08002cd3   Thumb Code     2  stm32f1xx_hal_uart.o(i.HAL_UARTEx_RxEventCallback)
    HAL_UART_ErrorCallback                   0x08002cd5   Thumb Code     2  stm32f1xx_hal_uart.o(i.HAL_UART_ErrorCallback)
    HAL_UART_IRQHandler                      0x08002cd9   Thumb Code   554  stm32f1xx_hal_uart.o(i.HAL_UART_IRQHandler)
    HAL_UART_Init                            0x08002f09   Thumb Code   102  stm32f1xx_hal_uart.o(i.HAL_UART_Init)
    HAL_UART_MspInit                         0x08002f71   Thumb Code   202  usart.o(i.HAL_UART_MspInit)
    HAL_UART_Receive_IT                      0x0800304d   Thumb Code    28  stm32f1xx_hal_uart.o(i.HAL_UART_Receive_IT)
    HAL_UART_RxCpltCallback                  0x08003069   Thumb Code     2  stm32f1xx_hal_uart.o(i.HAL_UART_RxCpltCallback)
    HAL_UART_Transmit                        0x0800306b   Thumb Code   174  stm32f1xx_hal_uart.o(i.HAL_UART_Transmit)
    HAL_UART_TxCpltCallback                  0x08003119   Thumb Code     2  stm32f1xx_hal_uart.o(i.HAL_UART_TxCpltCallback)
    HardFault_Handler                        0x0800311b   Thumb Code     2  stm32f1xx_it.o(i.HardFault_Handler)
    Interface_set                            0x080035ed   Thumb Code   172  freertos.o(i.Interface_set)
    LDZ_Cfg                                  0x0800369d   Thumb Code    78  st7567.o(i.LDZ_Cfg)
    LDZ_Clear                                0x080036eb   Thumb Code    20  st7567.o(i.LDZ_Clear)
    LDZ_ClearPage                            0x080036ff   Thumb Code    26  st7567.o(i.LDZ_ClearPage)
    LDZ_Init                                 0x08003719   Thumb Code    88  st7567.o(i.LDZ_Init)
    LDZ_SendBit                              0x08003779   Thumb Code    68  st7567.o(i.LDZ_SendBit)
    LDZ_SetAddr                              0x080037c1   Thumb Code    34  st7567.o(i.LDZ_SetAddr)
    LDZ_ShowASC16                            0x080037e5   Thumb Code    62  st7567.o(i.LDZ_ShowASC16)
    LDZ_ShowCHN16                            0x08003829   Thumb Code    62  st7567.o(i.LDZ_ShowCHN16)
    LDZ_ShowCHN32                            0x0800386d   Thumb Code    62  st7567.o(i.LDZ_ShowCHN32)
    LDZ_ShowENG16                            0x080038b1   Thumb Code    62  st7567.o(i.LDZ_ShowENG16)
    LDZ_WriteCMD                             0x080038f5   Thumb Code    46  st7567.o(i.LDZ_WriteCMD)
    LDZ_WriteDAT                             0x08003929   Thumb Code    46  st7567.o(i.LDZ_WriteDAT)
    MX_FREERTOS_Init                         0x0800395d   Thumb Code   616  freertos.o(i.MX_FREERTOS_Init)
    MX_GPIO_Init                             0x08003bd1   Thumb Code   302  gpio.o(i.MX_GPIO_Init)
    MX_I2C1_Init                             0x08003d11   Thumb Code    50  i2c.o(i.MX_I2C1_Init)
    MX_SPI2_Init                             0x08003d51   Thumb Code    64  spi.o(i.MX_SPI2_Init)
    MX_TIM1_Init                             0x08003d99   Thumb Code   150  tim.o(i.MX_TIM1_Init)
    MX_TIM3_Init                             0x08003e39   Thumb Code    92  tim.o(i.MX_TIM3_Init)
    MX_TIM4_Init                             0x08003e9d   Thumb Code    92  tim.o(i.MX_TIM4_Init)
    MX_USART1_UART_Init                      0x08003f01   Thumb Code    54  usart.o(i.MX_USART1_UART_Init)
    MX_USART2_UART_Init                      0x08003f45   Thumb Code    48  usart.o(i.MX_USART2_UART_Init)
    MemManage_Handler                        0x08003f7d   Thumb Code     2  stm32f1xx_it.o(i.MemManage_Handler)
    Modbus_CRC16                             0x08003f7f   Thumb Code    54  modbus.o(i.Modbus_CRC16)
    Modbus_Event                             0x08003fb5   Thumb Code   102  modbus.o(i.Modbus_Event)
    Modbus_Func16                            0x08004021   Thumb Code   160  modbus.o(i.Modbus_Func16)
    Modbus_Func3                             0x080040cd   Thumb Code   396  modbus.o(i.Modbus_Func3)
    Modbus_Func6                             0x080042a5   Thumb Code   148  modbus.o(i.Modbus_Func6)
    Modbus_Init                              0x08004341   Thumb Code    30  modbus.o(i.Modbus_Init)
    Modbus_Send_Byte                         0x08004365   Thumb Code    16  modbus.o(i.Modbus_Send_Byte)
    NMI_Handler                              0x08004379   Thumb Code     2  stm32f1xx_it.o(i.NMI_Handler)
    PVD_IRQHandler                           0x0800437d   Thumb Code    24  freertos.o(i.PVD_IRQHandler)
    PVD_config                               0x0800439d   Thumb Code    40  main.o(i.PVD_config)
    Power_Interface                          0x080043c5   Thumb Code   784  freertos.o(i.Power_Interface)
    READ_SPI                                 0x08004715   Thumb Code    82  rn8302b.o(i.READ_SPI)
    Range_detection                          0x0800476d   Thumb Code   224  freertos.o(i.Range_detection)
    Read_SPI_OneByte                         0x08004851   Thumb Code    30  rn8302b.o(i.Read_SPI_OneByte)
    Send_EnergyData                          0x08004975   Thumb Code   266  freertos.o(i.Send_EnergyData)
    StartDefaultTask                         0x08004b71   Thumb Code   810  freertos.o(i.StartDefaultTask)
    StartTask02                              0x08004edd   Thumb Code  5390  freertos.o(i.StartTask02)
    StartTask03                              0x080063f9   Thumb Code    18  freertos.o(i.StartTask03)
    StartTask04                              0x0800640d   Thumb Code    36  freertos.o(i.StartTask04)
    StartTask05                              0x08006439   Thumb Code    48  freertos.o(i.StartTask05)
    StartTask06                              0x08006471   Thumb Code    12  freertos.o(i.StartTask06)
    SysTick_Handler                          0x0800647d   Thumb Code    38  port.o(i.SysTick_Handler)
    SystemClock_Config                       0x080064a9   Thumb Code    94  main.o(i.SystemClock_Config)
    SystemInit                               0x08006507   Thumb Code     2  system_stm32f1xx.o(i.SystemInit)
    TIM1_BRK_IRQHandler                      0x08006509   Thumb Code     6  stm32f1xx_it.o(i.TIM1_BRK_IRQHandler)
    TIM2_IRQHandler                          0x08006515   Thumb Code     6  stm32f1xx_it.o(i.TIM2_IRQHandler)
    TIM3_IRQHandler                          0x08006521   Thumb Code     6  stm32f1xx_it.o(i.TIM3_IRQHandler)
    TIM4_IRQHandler                          0x0800652d   Thumb Code     6  stm32f1xx_it.o(i.TIM4_IRQHandler)
    TIM_Base_SetConfig                       0x08006539   Thumb Code   108  stm32f1xx_hal_tim.o(i.TIM_Base_SetConfig)
    TIM_ETR_SetConfig                        0x080065b1   Thumb Code    20  stm32f1xx_hal_tim.o(i.TIM_ETR_SetConfig)
    TIM_OC2_SetConfig                        0x08006635   Thumb Code    94  stm32f1xx_hal_tim.o(i.TIM_OC2_SetConfig)
    Take_smallernumber                       0x08006789   Thumb Code    34  st7567.o(i.Take_smallernumber)
    UART_Start_Receive_IT                    0x080069a9   Thumb Code    56  stm32f1xx_hal_uart.o(i.UART_Start_Receive_IT)
    USART1_IRQHandler                        0x08006ab5   Thumb Code    60  usart.o(i.USART1_IRQHandler)
    USART2_IRQHandler                        0x08006afd   Thumb Code     6  stm32f1xx_it.o(i.USART2_IRQHandler)
    UsageFault_Handler                       0x08006b09   Thumb Code     2  stm32f1xx_it.o(i.UsageFault_Handler)
    Voltage_limit                            0x08006b0d   Thumb Code    92  freertos.o(i.Voltage_limit)
    Write_SPI                                0x08006b6d   Thumb Code   150  rn8302b.o(i.Write_SPI)
    Write_SPI_OneByte                        0x08006c09   Thumb Code    24  rn8302b.o(i.Write_SPI_OneByte)
    __0printf                                0x08006c25   Thumb Code    22  printfa.o(i.__0printf)
    __1printf                                0x08006c25   Thumb Code     0  printfa.o(i.__0printf)
    __2printf                                0x08006c25   Thumb Code     0  printfa.o(i.__0printf)
    __c89printf                              0x08006c25   Thumb Code     0  printfa.o(i.__0printf)
    printf                                   0x08006c25   Thumb Code     0  printfa.o(i.__0printf)
    __scatterload_copy                       0x08006c89   Thumb Code    14  handlers.o(i.__scatterload_copy)
    __scatterload_null                       0x08006c97   Thumb Code     2  handlers.o(i.__scatterload_null)
    __scatterload_zeroinit                   0x08006c99   Thumb Code    14  handlers.o(i.__scatterload_zeroinit)
    absoluteValue                            0x0800755b   Thumb Code    12  freertos.o(i.absoluteValue)
    ammeter_set                              0x08007567   Thumb Code   120  freertos.o(i.ammeter_set)
    blinkOnIncrement                         0x080075e1   Thumb Code    50  freertos.o(i.blinkOnIncrement)
    connection_set                           0x0800761d   Thumb Code    90  freertos.o(i.connection_set)
    convertToFloat                           0x08007677   Thumb Code    46  freertos.o(i.convertToFloat)
    decreaseVariable                         0x080076a5   Thumb Code    80  freertos.o(i.decreaseVariable)
    deplete                                  0x080076f9   Thumb Code   792  freertos.o(i.deplete)
    floatToUint16Pair                        0x08007a21   Thumb Code     8  modbus.o(i.floatToUint16Pair)
    fputc                                    0x08007a29   Thumb Code    20  usart.o(i.fputc)
    increaseVariable                         0x08007a41   Thumb Code    60  freertos.o(i.increaseVariable)
    is_reset                                 0x08007a81   Thumb Code    50  freertos.o(i.is_reset)
    main                                     0x08007ab5   Thumb Code   492  main.o(i.main)
    menu                                     0x08007cc1   Thumb Code   172  freertos.o(i.menu)
    osDelay                                  0x08007d71   Thumb Code    16  cmsis_os.o(i.osDelay)
    osKernelStart                            0x08007d81   Thumb Code    10  cmsis_os.o(i.osKernelStart)
    osThreadCreate                           0x08007d8b   Thumb Code    88  cmsis_os.o(i.osThreadCreate)
    pvPortMalloc                             0x0800815d   Thumb Code   214  heap_4.o(i.pvPortMalloc)
    pxPortInitialiseStack                    0x08008239   Thumb Code    24  port.o(i.pxPortInitialiseStack)
    sysDelay_ms                              0x08008255   Thumb Code     4  at24c02.o(i.sysDelay_ms)
    uxListRemove                             0x08008259   Thumb Code    38  list.o(i.uxListRemove)
    vApplicationGetIdleTaskMemory            0x08008281   Thumb Code    16  freertos.o(i.vApplicationGetIdleTaskMemory)
    vListInitialise                          0x08008295   Thumb Code    22  list.o(i.vListInitialise)
    vListInitialiseItem                      0x080082ab   Thumb Code     6  list.o(i.vListInitialiseItem)
    vListInsert                              0x080082b1   Thumb Code    48  list.o(i.vListInsert)
    vListInsertEnd                           0x080082e1   Thumb Code    24  list.o(i.vListInsertEnd)
    vPortEnterCritical                       0x080082f9   Thumb Code    54  port.o(i.vPortEnterCritical)
    vPortExitCritical                        0x08008339   Thumb Code    38  port.o(i.vPortExitCritical)
    vPortFree                                0x08008365   Thumb Code    94  heap_4.o(i.vPortFree)
    vPortSetupTimerInterrupt                 0x080083c9   Thumb Code    32  port.o(i.vPortSetupTimerInterrupt)
    vTaskDelay                               0x080083ed   Thumb Code    70  tasks.o(i.vTaskDelay)
    vTaskStartScheduler                      0x0800843d   Thumb Code   118  tasks.o(i.vTaskStartScheduler)
    vTaskSuspendAll                          0x080084c5   Thumb Code    10  tasks.o(i.vTaskSuspendAll)
    vTaskSwitchContext                       0x080084d5   Thumb Code    86  tasks.o(i.vTaskSwitchContext)
    warning_Interface                        0x08008535   Thumb Code   172  freertos.o(i.warning_Interface)
    xPortStartScheduler                      0x080085e5   Thumb Code   154  port.o(i.xPortStartScheduler)
    xTaskCreate                              0x0800868d   Thumb Code   100  tasks.o(i.xTaskCreate)
    xTaskCreateStatic                        0x080086f1   Thumb Code    92  tasks.o(i.xTaskCreateStatic)
    xTaskIncrementTick                       0x0800874d   Thumb Code   198  tasks.o(i.xTaskIncrementTick)
    xTaskResumeAll                           0x0800881d   Thumb Code   192  tasks.o(i.xTaskResumeAll)
    ASC8                                     0x080088e8   Data         104  st7567.o(.constdata)
    ASC16                                    0x08008950   Data         224  st7567.o(.constdata)
    ENG16                                    0x08008a30   Data         416  st7567.o(.constdata)
    CHN16                                    0x08008bd0   Data        2336  st7567.o(.constdata)
    ASC32                                    0x080094f0   Data         640  st7567.o(.constdata)
    CHN32                                    0x08009770   Data         512  st7567.o(.constdata)
    BMP                                      0x08009970   Data        1024  st7567.o(.constdata)
    AHBPrescTable                            0x08009e2a   Data          16  system_stm32f1xx.o(.constdata)
    APBPrescTable                            0x08009e3a   Data           8  system_stm32f1xx.o(.constdata)
    Region$$Table$$Base                      0x08009e98   Number         0  anon$$obj.o(Region$$Table)
    Region$$Table$$Limit                     0x08009eb8   Number         0  anon$$obj.o(Region$$Table)
    Connect_mode                             0x20000000   Data           1  main.o(.data)
    page_flag                                0x20000004   Data           1  freertos.o(.data)
    Line1                                    0x20000005   Data           1  freertos.o(.data)
    Line2                                    0x20000006   Data           1  freertos.o(.data)
    Line3                                    0x20000007   Data           1  freertos.o(.data)
    Line4                                    0x20000008   Data           1  freertos.o(.data)
    menu_flag                                0x20000009   Data           1  freertos.o(.data)
    connection_mode                          0x2000000a   Data           1  freertos.o(.data)
    page_buff                                0x2000000b   Data           1  freertos.o(.data)
    key_temp                                 0x2000000c   Data           1  freertos.o(.data)
    USER_ERR_FALG                            0x2000000d   Data           1  freertos.o(.data)
    key_buzzer                               0x2000000e   Data           1  freertos.o(.data)
    UA_val_h                                 0x20000010   Data           2  freertos.o(.data)
    UA_val_l                                 0x20000012   Data           2  freertos.o(.data)
    Ratio                                    0x20000014   Data           4  freertos.o(.data)
    U_volt                                   0x20000018   Data           4  freertos.o(.data)
    V_volt                                   0x2000001c   Data           4  freertos.o(.data)
    W_volt                                   0x20000020   Data           4  freertos.o(.data)
    input_current                            0x20000024   Data           4  freertos.o(.data)
    output_current                           0x20000028   Data           4  freertos.o(.data)
    input_current_code                       0x2000002c   Data           4  freertos.o(.data)
    output_current_code                      0x20000030   Data           4  freertos.o(.data)
    page1                                    0x20000034   Data           4  freertos.o(.data)
    page2                                    0x20000038   Data           4  freertos.o(.data)
    page3                                    0x2000003c   Data           4  freertos.o(.data)
    page4                                    0x20000040   Data           4  freertos.o(.data)
    Voltage_threshold_Top                    0x20000044   Data           4  freertos.o(.data)
    Voltage_threshold_Bottom                 0x20000048   Data           4  freertos.o(.data)
    Current_threshold_ALL                    0x2000004c   Data           4  freertos.o(.data)
    Power_threshold_ALL                      0x20000050   Data           4  freertos.o(.data)
    Deplete_threshold_ALL                    0x20000054   Data           4  freertos.o(.data)
    isIncreasingPressed                      0x20000058   Data           4  freertos.o(.data)
    incrementSpeed                           0x2000005c   Data           4  freertos.o(.data)
    inStartTime                              0x20000060   Data           4  freertos.o(.data)
    inElapsedTime                            0x20000064   Data           4  freertos.o(.data)
    isDecreasingPressed                      0x20000068   Data           4  freertos.o(.data)
    decrementSpeed                           0x2000006c   Data           4  freertos.o(.data)
    deStartTime                              0x20000070   Data           4  freertos.o(.data)
    deElapsedTime                            0x20000074   Data           4  freertos.o(.data)
    Three_phase_power                        0x2000007c   Data           4  freertos.o(.data)
    input_current_new                        0x20000080   Data           4  freertos.o(.data)
    output_current_new                       0x20000084   Data           4  freertos.o(.data)
    UA                                       0x20000088   Data           4  freertos.o(.data)
    UB                                       0x2000008c   Data           4  freertos.o(.data)
    UC                                       0x20000090   Data           4  freertos.o(.data)
    UA_val                                   0x20000094   Data           4  freertos.o(.data)
    UB_val                                   0x20000098   Data           4  freertos.o(.data)
    UC_val                                   0x2000009c   Data           4  freertos.o(.data)
    UA_val_u32                               0x200000a0   Data           4  freertos.o(.data)
    UB_val_u32                               0x200000a4   Data           4  freertos.o(.data)
    UC_val_u32                               0x200000a8   Data           4  freertos.o(.data)
    Voltage_threshold_Top_code               0x200000ac   Data           4  freertos.o(.data)
    Voltage_threshold_Bottom_code            0x200000b0   Data           4  freertos.o(.data)
    IA                                       0x200000b4   Data           4  freertos.o(.data)
    IB                                       0x200000b8   Data           4  freertos.o(.data)
    IC                                       0x200000bc   Data           4  freertos.o(.data)
    IA_val                                   0x200000c0   Data           4  freertos.o(.data)
    IB_val                                   0x200000c4   Data           4  freertos.o(.data)
    IC_val                                   0x200000c8   Data           4  freertos.o(.data)
    Current_threshold_ALL_code               0x200000cc   Data           4  freertos.o(.data)
    PA                                       0x200000d0   Data           4  freertos.o(.data)
    PB                                       0x200000d4   Data           4  freertos.o(.data)
    PC                                       0x200000d8   Data           4  freertos.o(.data)
    PA_val                                   0x200000dc   Data           4  freertos.o(.data)
    PB_val                                   0x200000e0   Data           4  freertos.o(.data)
    PC_val                                   0x200000e4   Data           4  freertos.o(.data)
    Power_threshold_A                        0x200000e8   Data           4  freertos.o(.data)
    Power_threshold_B                        0x200000ec   Data           4  freertos.o(.data)
    Power_threshold_C                        0x200000f0   Data           4  freertos.o(.data)
    Power_threshold_ALL_code                 0x200000f4   Data           4  freertos.o(.data)
    FEQT                                     0x200000f8   Data           4  freertos.o(.data)
    FEQT_val                                 0x200000fc   Data           4  freertos.o(.data)
    Deplete_A                                0x20000100   Data           4  freertos.o(.data)
    Deplete_A_val                            0x20000104   Data           4  freertos.o(.data)
    Deplete_A_Initial                        0x20000108   Data           4  freertos.o(.data)
    Deplete_A_Code                           0x2000010c   Data           4  freertos.o(.data)
    Deplete_B                                0x20000110   Data           4  freertos.o(.data)
    Deplete_B_val                            0x20000114   Data           4  freertos.o(.data)
    Deplete_B_Initial                        0x20000118   Data           4  freertos.o(.data)
    Deplete_B_Code                           0x2000011c   Data           4  freertos.o(.data)
    Deplete_C                                0x20000120   Data           4  freertos.o(.data)
    Deplete_C_val                            0x20000124   Data           4  freertos.o(.data)
    Deplete_C_Initial                        0x20000128   Data           4  freertos.o(.data)
    Deplete_C_Code                           0x2000012c   Data           4  freertos.o(.data)
    Deplete_all                              0x20000130   Data           4  freertos.o(.data)
    Deplete_all_val                          0x20000134   Data           4  freertos.o(.data)
    Deplete_all_Initial                      0x20000138   Data           4  freertos.o(.data)
    Deplete_all_Code                         0x2000013c   Data           4  freertos.o(.data)
    Deplete                                  0x20000140   Data           4  freertos.o(.data)
    Deplete_threshold_ALL_code               0x20000144   Data           4  freertos.o(.data)
    UFreq                                    0x20000148   Data           4  freertos.o(.data)
    UFreq_val                                0x2000014c   Data           4  freertos.o(.data)
    pwr                                      0x20000150   Data           4  freertos.o(.data)
    myNumber                                 0x20000154   Data           4  freertos.o(.data)
    OperationHandle                          0x20000158   Data           4  freertos.o(.data)
    Display_InformaHandle                    0x2000015c   Data           4  freertos.o(.data)
    Read_ACenergyHandle                      0x20000160   Data           4  freertos.o(.data)
    Ethernet_Rs485Handle                     0x20000164   Data           4  freertos.o(.data)
    myTask05Handle                           0x20000168   Data           4  freertos.o(.data)
    myTask06Handle                           0x2000016c   Data           4  freertos.o(.data)
    USART1_aRxBuffer                         0x20000170   Data           1  usart.o(.data)
    USART1_RX_STA                            0x20000172   Data           2  usart.o(.data)
    uwTickFreq                               0x20000174   Data           1  stm32f1xx_hal.o(.data)
    uwTickPrio                               0x20000178   Data           4  stm32f1xx_hal.o(.data)
    uwTick                                   0x2000017c   Data           4  stm32f1xx_hal.o(.data)
    SystemCoreClock                          0x20000180   Data           4  system_stm32f1xx.o(.data)
    pxCurrentTCB                             0x20000184   Data           4  tasks.o(.data)
    __stdout                                 0x200001ec   Data           4  stdout.o(.data)
    Reg                                      0x200001f0   Data          64  modbus.o(.bss)
    modbus                                   0x20000230   Data        1216  modbus.o(.bss)
    null                                     0x200006f0   Data          60  freertos.o(.bss)
    hi2c1                                    0x20000980   Data          84  i2c.o(.bss)
    hspi2                                    0x200009d4   Data          88  spi.o(.bss)
    htim1                                    0x20000a2c   Data          72  tim.o(.bss)
    htim3                                    0x20000a74   Data          72  tim.o(.bss)
    htim4                                    0x20000abc   Data          72  tim.o(.bss)
    huart1                                   0x20000b04   Data          72  usart.o(.bss)
    huart2                                   0x20000b4c   Data          72  usart.o(.bss)
    htim2                                    0x20000b94   Data          72  stm32f1xx_hal_timebase_tim.o(.bss)
    __initial_sp                             0x200028d0   Data           0  startup_stm32f103xb.o(STACK)



==============================================================================

Memory Map of the image

  Image Entry point : 0x080000ed

  Load Region LR_IROM1 (Base: 0x08000000, Size: 0x0000a0a8, Max: 0x00010000, ABSOLUTE, COMPRESSED[0x00009ef8])

    Execution Region ER_IROM1 (Exec base: 0x08000000, Load base: 0x08000000, Size: 0x00009eb8, Max: 0x00010000, ABSOLUTE)

    Exec Addr    Load Addr    Size         Type   Attr      Idx    E Section Name        Object

    0x08000000   0x08000000   0x000000ec   Data   RO            3    RESET               startup_stm32f103xb.o
    0x080000ec   0x080000ec   0x00000000   Code   RO         5823  * .ARM.Collect$$$$00000000  mc_w.l(entry.o)
    0x080000ec   0x080000ec   0x00000004   Code   RO         6127    .ARM.Collect$$$$00000001  mc_w.l(entry2.o)
    0x080000f0   0x080000f0   0x00000004   Code   RO         6130    .ARM.Collect$$$$00000004  mc_w.l(entry5.o)
    0x080000f4   0x080000f4   0x00000000   Code   RO         6132    .ARM.Collect$$$$00000008  mc_w.l(entry7b.o)
    0x080000f4   0x080000f4   0x00000000   Code   RO         6134    .ARM.Collect$$$$0000000A  mc_w.l(entry8b.o)
    0x080000f4   0x080000f4   0x00000008   Code   RO         6135    .ARM.Collect$$$$0000000B  mc_w.l(entry9a.o)
    0x080000fc   0x080000fc   0x00000000   Code   RO         6137    .ARM.Collect$$$$0000000D  mc_w.l(entry10a.o)
    0x080000fc   0x080000fc   0x00000000   Code   RO         6139    .ARM.Collect$$$$0000000F  mc_w.l(entry11a.o)
    0x080000fc   0x080000fc   0x00000004   Code   RO         6128    .ARM.Collect$$$$00002712  mc_w.l(entry2.o)
    0x08000100   0x08000100   0x00000096   Code   RO         5746    .emb_text           port.o
    0x08000196   0x08000196   0x00000002   PAD
    0x08000198   0x08000198   0x00000024   Code   RO            4    .text               startup_stm32f103xb.o
    0x080001bc   0x080001bc   0x00000020   Code   RO         5826    .text               mc_w.l(llushr.o)
    0x080001dc   0x080001dc   0x00000024   Code   RO         5828    .text               mc_w.l(memcpya.o)
    0x08000200   0x08000200   0x00000024   Code   RO         5832    .text               mc_w.l(memseta.o)
    0x08000224   0x08000224   0x000000b0   Code   RO         6097    .text               mf_w.l(fadd.o)
    0x080002d4   0x080002d4   0x00000064   Code   RO         6099    .text               mf_w.l(fmul.o)
    0x08000338   0x08000338   0x0000007c   Code   RO         6101    .text               mf_w.l(fdiv.o)
    0x080003b4   0x080003b4   0x00000018   Code   RO         6103    .text               mf_w.l(fscalb.o)
    0x080003cc   0x080003cc   0x000000e4   Code   RO         6105    .text               mf_w.l(dmul.o)
    0x080004b0   0x080004b0   0x000000de   Code   RO         6107    .text               mf_w.l(ddiv.o)
    0x0800058e   0x0800058e   0x00000012   Code   RO         6109    .text               mf_w.l(fflti.o)
    0x080005a0   0x080005a0   0x0000000a   Code   RO         6111    .text               mf_w.l(ffltui.o)
    0x080005aa   0x080005aa   0x0000001a   Code   RO         6113    .text               mf_w.l(dfltui.o)
    0x080005c4   0x080005c4   0x00000032   Code   RO         6115    .text               mf_w.l(ffixi.o)
    0x080005f6   0x080005f6   0x00000028   Code   RO         6117    .text               mf_w.l(ffixui.o)
    0x0800061e   0x0800061e   0x00000026   Code   RO         6119    .text               mf_w.l(f2d.o)
    0x08000644   0x08000644   0x00000038   Code   RO         6121    .text               mf_w.l(d2f.o)
    0x0800067c   0x0800067c   0x00000014   Code   RO         6123    .text               mf_w.l(cfcmple.o)
    0x08000690   0x08000690   0x00000014   Code   RO         6125    .text               mf_w.l(cfrcmple.o)
    0x080006a4   0x080006a4   0x0000002c   Code   RO         6142    .text               mc_w.l(uidiv.o)
    0x080006d0   0x080006d0   0x00000062   Code   RO         6144    .text               mc_w.l(uldiv.o)
    0x08000732   0x08000732   0x00000000   Code   RO         6146    .text               mc_w.l(iusefp.o)
    0x08000732   0x08000732   0x0000006e   Code   RO         6147    .text               mf_w.l(fepilogue.o)
    0x080007a0   0x080007a0   0x000000ba   Code   RO         6149    .text               mf_w.l(depilogue.o)
    0x0800085a   0x0800085a   0x0000014e   Code   RO         6151    .text               mf_w.l(dadd.o)
    0x080009a8   0x080009a8   0x00000030   Code   RO         6153    .text               mf_w.l(dfixul.o)
    0x080009d8   0x080009d8   0x00000030   Code   RO         6155    .text               mf_w.l(cdrcmple.o)
    0x08000a08   0x08000a08   0x00000024   Code   RO         6157    .text               mc_w.l(init.o)
    0x08000a2c   0x08000a2c   0x0000001e   Code   RO         6159    .text               mc_w.l(llshl.o)
    0x08000a4a   0x08000a4a   0x00000024   Code   RO         6161    .text               mc_w.l(llsshr.o)
    0x08000a6e   0x08000a6e   0x0000003a   Code   RO         6171    .text               mc_w.l(__dczerorl.o)
    0x08000aa8   0x08000aa8   0x0000002c   Code   RO          378    i.AT24C02_read      at24c02.o
    0x08000ad4   0x08000ad4   0x000000ec   Code   RO          379    i.AT24C02_write     at24c02.o
    0x08000bc0   0x08000bc0   0x00000002   Code   RO         1124    i.BusFault_Handler  stm32f1xx_it.o
    0x08000bc2   0x08000bc2   0x00000002   PAD
    0x08000bc4   0x08000bc4   0x00000210   Code   RO          608    i.Current_Volt_Interface  freertos.o
    0x08000dd4   0x08000dd4   0x00000080   Code   RO          609    i.Current_set       freertos.o
    0x08000e54   0x08000e54   0x00000004   Code   RO           13    i.Ddl_Delay1ms      st7567.o
    0x08000e58   0x08000e58   0x00000002   Code   RO         1125    i.DebugMon_Handler  stm32f1xx_it.o
    0x08000e5a   0x08000e5a   0x00000002   PAD
    0x08000e5c   0x08000e5c   0x0000030c   Code   RO          610    i.Default_Interface  freertos.o
    0x08001168   0x08001168   0x00000004   Code   RO          523    i.Error_Handler     main.o
    0x0800116c   0x0800116c   0x000000c0   Code   RO          611    i.Get_Keyval        freertos.o
    0x0800122c   0x0800122c   0x0000002c   Code   RO          380    i.HAL_AT24C02_read  at24c02.o
    0x08001258   0x08001258   0x00000046   Code   RO         1697    i.HAL_DMA_Abort     stm32f1xx_hal_dma.o
    0x0800129e   0x0800129e   0x00000002   PAD
    0x080012a0   0x080012a0   0x00000098   Code   RO         1698    i.HAL_DMA_Abort_IT  stm32f1xx_hal_dma.o
    0x08001338   0x08001338   0x00000024   Code   RO         1318    i.HAL_Delay         stm32f1xx_hal.o
    0x0800135c   0x0800135c   0x000001f0   Code   RO         1633    i.HAL_GPIO_Init     stm32f1xx_hal_gpio.o
    0x0800154c   0x0800154c   0x0000000e   Code   RO         1635    i.HAL_GPIO_ReadPin  stm32f1xx_hal_gpio.o
    0x0800155a   0x0800155a   0x00000010   Code   RO         1636    i.HAL_GPIO_TogglePin  stm32f1xx_hal_gpio.o
    0x0800156a   0x0800156a   0x0000000e   Code   RO         1637    i.HAL_GPIO_WritePin  stm32f1xx_hal_gpio.o
    0x08001578   0x08001578   0x0000000c   Code   RO         1322    i.HAL_GetTick       stm32f1xx_hal.o
    0x08001584   0x08001584   0x00000198   Code   RO         2325    i.HAL_I2C_Init      stm32f1xx_hal_i2c.o
    0x0800171c   0x0800171c   0x000002e8   Code   RO         2343    i.HAL_I2C_Mem_Read  stm32f1xx_hal_i2c.o
    0x08001a04   0x08001a04   0x00000144   Code   RO         2346    i.HAL_I2C_Mem_Write  stm32f1xx_hal_i2c.o
    0x08001b48   0x08001b48   0x00000070   Code   RO          893    i.HAL_I2C_MspInit   i2c.o
    0x08001bb8   0x08001bb8   0x00000010   Code   RO         1328    i.HAL_IncTick       stm32f1xx_hal.o
    0x08001bc8   0x08001bc8   0x00000024   Code   RO         1329    i.HAL_Init          stm32f1xx_hal.o
    0x08001bec   0x08001bec   0x00000098   Code   RO         1236    i.HAL_InitTick      stm32f1xx_hal_timebase_tim.o
    0x08001c84   0x08001c84   0x00000058   Code   RO         1212    i.HAL_MspInit       stm32f1xx_hal_msp.o
    0x08001cdc   0x08001cdc   0x0000001a   Code   RO         1793    i.HAL_NVIC_EnableIRQ  stm32f1xx_hal_cortex.o
    0x08001cf6   0x08001cf6   0x00000002   PAD
    0x08001cf8   0x08001cf8   0x00000040   Code   RO         1799    i.HAL_NVIC_SetPriority  stm32f1xx_hal_cortex.o
    0x08001d38   0x08001d38   0x00000024   Code   RO         1800    i.HAL_NVIC_SetPriorityGrouping  stm32f1xx_hal_cortex.o
    0x08001d5c   0x08001d5c   0x0000007c   Code   RO         1908    i.HAL_PWR_ConfigPVD  stm32f1xx_hal_pwr.o
    0x08001dd8   0x08001dd8   0x0000000c   Code   RO         1911    i.HAL_PWR_DisablePVD  stm32f1xx_hal_pwr.o
    0x08001de4   0x08001de4   0x0000000c   Code   RO         1916    i.HAL_PWR_EnablePVD  stm32f1xx_hal_pwr.o
    0x08001df0   0x08001df0   0x00000154   Code   RO         1486    i.HAL_RCC_ClockConfig  stm32f1xx_hal_rcc.o
    0x08001f44   0x08001f44   0x0000003c   Code   RO         1490    i.HAL_RCC_GetClockConfig  stm32f1xx_hal_rcc.o
    0x08001f80   0x08001f80   0x0000000c   Code   RO         1491    i.HAL_RCC_GetHCLKFreq  stm32f1xx_hal_rcc.o
    0x08001f8c   0x08001f8c   0x00000020   Code   RO         1493    i.HAL_RCC_GetPCLK1Freq  stm32f1xx_hal_rcc.o
    0x08001fac   0x08001fac   0x00000020   Code   RO         1494    i.HAL_RCC_GetPCLK2Freq  stm32f1xx_hal_rcc.o
    0x08001fcc   0x08001fcc   0x0000004c   Code   RO         1495    i.HAL_RCC_GetSysClockFreq  stm32f1xx_hal_rcc.o
    0x08002018   0x08002018   0x00000384   Code   RO         1498    i.HAL_RCC_OscConfig  stm32f1xx_hal_rcc.o
    0x0800239c   0x0800239c   0x000000b4   Code   RO         2802    i.HAL_SPI_Init      stm32f1xx_hal_spi.o
    0x08002450   0x08002450   0x00000074   Code   RO          935    i.HAL_SPI_MspInit   spi.o
    0x080024c4   0x080024c4   0x000001fa   Code   RO         2811    i.HAL_SPI_TransmitReceive  stm32f1xx_hal_spi.o
    0x080026be   0x080026be   0x00000002   Code   RO         3830    i.HAL_TIMEx_BreakCallback  stm32f1xx_hal_tim_ex.o
    0x080026c0   0x080026c0   0x00000002   Code   RO         3831    i.HAL_TIMEx_CommutCallback  stm32f1xx_hal_tim_ex.o
    0x080026c2   0x080026c2   0x00000054   Code   RO         3833    i.HAL_TIMEx_ConfigBreakDeadTime  stm32f1xx_hal_tim_ex.o
    0x08002716   0x08002716   0x00000002   PAD
    0x08002718   0x08002718   0x00000068   Code   RO         3849    i.HAL_TIMEx_MasterConfigSynchronization  stm32f1xx_hal_tim_ex.o
    0x08002780   0x08002780   0x0000004a   Code   RO         3115    i.HAL_TIM_Base_Init  stm32f1xx_hal_tim.o
    0x080027ca   0x080027ca   0x00000002   PAD
    0x080027cc   0x080027cc   0x00000068   Code   RO          977    i.HAL_TIM_Base_MspInit  tim.o
    0x08002834   0x08002834   0x00000064   Code   RO         3120    i.HAL_TIM_Base_Start_IT  stm32f1xx_hal_tim.o
    0x08002898   0x08002898   0x000000e8   Code   RO         3124    i.HAL_TIM_ConfigClockSource  stm32f1xx_hal_tim.o
    0x08002980   0x08002980   0x00000002   Code   RO         3149    i.HAL_TIM_IC_CaptureCallback  stm32f1xx_hal_tim.o
    0x08002982   0x08002982   0x00000138   Code   RO         3163    i.HAL_TIM_IRQHandler  stm32f1xx_hal_tim.o
    0x08002aba   0x08002aba   0x00000002   PAD
    0x08002abc   0x08002abc   0x0000004c   Code   RO          978    i.HAL_TIM_MspPostInit  tim.o
    0x08002b08   0x08002b08   0x00000002   Code   RO         3166    i.HAL_TIM_OC_DelayElapsedCallback  stm32f1xx_hal_tim.o
    0x08002b0a   0x08002b0a   0x000000d8   Code   RO         3187    i.HAL_TIM_PWM_ConfigChannel  stm32f1xx_hal_tim.o
    0x08002be2   0x08002be2   0x0000004a   Code   RO         3190    i.HAL_TIM_PWM_Init  stm32f1xx_hal_tim.o
    0x08002c2c   0x08002c2c   0x0000003c   Code   RO          980    i.HAL_TIM_PWM_MspInit  tim.o
    0x08002c68   0x08002c68   0x00000002   Code   RO         3193    i.HAL_TIM_PWM_PulseFinishedCallback  stm32f1xx_hal_tim.o
    0x08002c6a   0x08002c6a   0x00000002   PAD
    0x08002c6c   0x08002c6c   0x00000064   Code   RO         1048    i.HAL_TIM_PeriodElapsedCallback  usart.o
    0x08002cd0   0x08002cd0   0x00000002   Code   RO         3206    i.HAL_TIM_TriggerCallback  stm32f1xx_hal_tim.o
    0x08002cd2   0x08002cd2   0x00000002   Code   RO         4109    i.HAL_UARTEx_RxEventCallback  stm32f1xx_hal_uart.o
    0x08002cd4   0x08002cd4   0x00000002   Code   RO         4123    i.HAL_UART_ErrorCallback  stm32f1xx_hal_uart.o
    0x08002cd6   0x08002cd6   0x00000002   PAD
    0x08002cd8   0x08002cd8   0x00000230   Code   RO         4126    i.HAL_UART_IRQHandler  stm32f1xx_hal_uart.o
    0x08002f08   0x08002f08   0x00000066   Code   RO         4127    i.HAL_UART_Init     stm32f1xx_hal_uart.o
    0x08002f6e   0x08002f6e   0x00000002   PAD
    0x08002f70   0x08002f70   0x000000dc   Code   RO         1050    i.HAL_UART_MspInit  usart.o
    0x0800304c   0x0800304c   0x0000001c   Code   RO         4132    i.HAL_UART_Receive_IT  stm32f1xx_hal_uart.o
    0x08003068   0x08003068   0x00000002   Code   RO         4133    i.HAL_UART_RxCpltCallback  stm32f1xx_hal_uart.o
    0x0800306a   0x0800306a   0x000000ae   Code   RO         4135    i.HAL_UART_Transmit  stm32f1xx_hal_uart.o
    0x08003118   0x08003118   0x00000002   Code   RO         4138    i.HAL_UART_TxCpltCallback  stm32f1xx_hal_uart.o
    0x0800311a   0x0800311a   0x00000002   Code   RO         1126    i.HardFault_Handler  stm32f1xx_it.o
    0x0800311c   0x0800311c   0x0000002e   Code   RO         2369    i.I2C_IsAcknowledgeFailed  stm32f1xx_hal_i2c.o
    0x0800314a   0x0800314a   0x00000002   PAD
    0x0800314c   0x0800314c   0x00000140   Code   RO         2380    i.I2C_RequestMemoryRead  stm32f1xx_hal_i2c.o
    0x0800328c   0x0800328c   0x000000c4   Code   RO         2381    i.I2C_RequestMemoryWrite  stm32f1xx_hal_i2c.o
    0x08003350   0x08003350   0x00000058   Code   RO         2389    i.I2C_WaitOnBTFFlagUntilTimeout  stm32f1xx_hal_i2c.o
    0x080033a8   0x080033a8   0x000000ac   Code   RO         2390    i.I2C_WaitOnFlagUntilTimeout  stm32f1xx_hal_i2c.o
    0x08003454   0x08003454   0x000000c8   Code   RO         2391    i.I2C_WaitOnMasterAddressFlagUntilTimeout  stm32f1xx_hal_i2c.o
    0x0800351c   0x0800351c   0x00000076   Code   RO         2392    i.I2C_WaitOnRXNEFlagUntilTimeout  stm32f1xx_hal_i2c.o
    0x08003592   0x08003592   0x00000058   Code   RO         2395    i.I2C_WaitOnTXEFlagUntilTimeout  stm32f1xx_hal_i2c.o
    0x080035ea   0x080035ea   0x00000002   PAD
    0x080035ec   0x080035ec   0x000000b0   Code   RO          612    i.Interface_set     freertos.o
    0x0800369c   0x0800369c   0x0000004e   Code   RO           14    i.LDZ_Cfg           st7567.o
    0x080036ea   0x080036ea   0x00000014   Code   RO           15    i.LDZ_Clear         st7567.o
    0x080036fe   0x080036fe   0x0000001a   Code   RO           16    i.LDZ_ClearPage     st7567.o
    0x08003718   0x08003718   0x00000060   Code   RO           17    i.LDZ_Init          st7567.o
    0x08003778   0x08003778   0x00000048   Code   RO           18    i.LDZ_SendBit       st7567.o
    0x080037c0   0x080037c0   0x00000022   Code   RO           19    i.LDZ_SetAddr       st7567.o
    0x080037e2   0x080037e2   0x00000002   PAD
    0x080037e4   0x080037e4   0x00000044   Code   RO           20    i.LDZ_ShowASC16     st7567.o
    0x08003828   0x08003828   0x00000044   Code   RO           24    i.LDZ_ShowCHN16     st7567.o
    0x0800386c   0x0800386c   0x00000044   Code   RO           25    i.LDZ_ShowCHN32     st7567.o
    0x080038b0   0x080038b0   0x00000044   Code   RO           26    i.LDZ_ShowENG16     st7567.o
    0x080038f4   0x080038f4   0x00000034   Code   RO           29    i.LDZ_WriteCMD      st7567.o
    0x08003928   0x08003928   0x00000034   Code   RO           30    i.LDZ_WriteDAT      st7567.o
    0x0800395c   0x0800395c   0x00000274   Code   RO          613    i.MX_FREERTOS_Init  freertos.o
    0x08003bd0   0x08003bd0   0x00000140   Code   RO          584    i.MX_GPIO_Init      gpio.o
    0x08003d10   0x08003d10   0x00000040   Code   RO          894    i.MX_I2C1_Init      i2c.o
    0x08003d50   0x08003d50   0x00000048   Code   RO          936    i.MX_SPI2_Init      spi.o
    0x08003d98   0x08003d98   0x000000a0   Code   RO          981    i.MX_TIM1_Init      tim.o
    0x08003e38   0x08003e38   0x00000064   Code   RO          982    i.MX_TIM3_Init      tim.o
    0x08003e9c   0x08003e9c   0x00000064   Code   RO          983    i.MX_TIM4_Init      tim.o
    0x08003f00   0x08003f00   0x00000044   Code   RO         1051    i.MX_USART1_UART_Init  usart.o
    0x08003f44   0x08003f44   0x00000038   Code   RO         1052    i.MX_USART2_UART_Init  usart.o
    0x08003f7c   0x08003f7c   0x00000002   Code   RO         1127    i.MemManage_Handler  stm32f1xx_it.o
    0x08003f7e   0x08003f7e   0x00000036   Code   RO          442    i.Modbus_CRC16      modbus.o
    0x08003fb4   0x08003fb4   0x0000006c   Code   RO          443    i.Modbus_Event      modbus.o
    0x08004020   0x08004020   0x000000ac   Code   RO          444    i.Modbus_Func16     modbus.o
    0x080040cc   0x080040cc   0x000001d8   Code   RO          445    i.Modbus_Func3      modbus.o
    0x080042a4   0x080042a4   0x0000009c   Code   RO          446    i.Modbus_Func6      modbus.o
    0x08004340   0x08004340   0x00000024   Code   RO          447    i.Modbus_Init       modbus.o
    0x08004364   0x08004364   0x00000014   Code   RO          448    i.Modbus_Send_Byte  modbus.o
    0x08004378   0x08004378   0x00000002   Code   RO         1128    i.NMI_Handler       stm32f1xx_it.o
    0x0800437a   0x0800437a   0x00000002   PAD
    0x0800437c   0x0800437c   0x00000020   Code   RO          614    i.PVD_IRQHandler    freertos.o
    0x0800439c   0x0800439c   0x00000028   Code   RO          524    i.PVD_config        main.o
    0x080043c4   0x080043c4   0x0000032c   Code   RO          615    i.Power_Interface   freertos.o
    0x080046f0   0x080046f0   0x00000024   Code   RO         1499    i.RCC_Delay         stm32f1xx_hal_rcc.o
    0x08004714   0x08004714   0x00000058   Code   RO          249    i.READ_SPI          rn8302b.o
    0x0800476c   0x0800476c   0x000000e4   Code   RO          616    i.Range_detection   freertos.o
    0x08004850   0x08004850   0x00000024   Code   RO          257    i.Read_SPI_OneByte  rn8302b.o
    0x08004874   0x08004874   0x00000044   Code   RO         2840    i.SPI_EndRxTxTransaction  stm32f1xx_hal_spi.o
    0x080048b8   0x080048b8   0x000000bc   Code   RO         2845    i.SPI_WaitFlagStateUntilTimeout  stm32f1xx_hal_spi.o
    0x08004974   0x08004974   0x000001fc   Code   RO          617    i.Send_EnergyData   freertos.o
    0x08004b70   0x08004b70   0x0000036c   Code   RO          618    i.StartDefaultTask  freertos.o
    0x08004edc   0x08004edc   0x0000151c   Code   RO          619    i.StartTask02       freertos.o
    0x080063f8   0x080063f8   0x00000012   Code   RO          620    i.StartTask03       freertos.o
    0x0800640a   0x0800640a   0x00000002   PAD
    0x0800640c   0x0800640c   0x0000002c   Code   RO          621    i.StartTask04       freertos.o
    0x08006438   0x08006438   0x00000038   Code   RO          622    i.StartTask05       freertos.o
    0x08006470   0x08006470   0x0000000c   Code   RO          623    i.StartTask06       freertos.o
    0x0800647c   0x0800647c   0x0000002c   Code   RO         5747    i.SysTick_Handler   port.o
    0x080064a8   0x080064a8   0x0000005e   Code   RO          525    i.SystemClock_Config  main.o
    0x08006506   0x08006506   0x00000002   Code   RO         4471    i.SystemInit        system_stm32f1xx.o
    0x08006508   0x08006508   0x0000000c   Code   RO         1129    i.TIM1_BRK_IRQHandler  stm32f1xx_it.o
    0x08006514   0x08006514   0x0000000c   Code   RO         1130    i.TIM2_IRQHandler   stm32f1xx_it.o
    0x08006520   0x08006520   0x0000000c   Code   RO         1131    i.TIM3_IRQHandler   stm32f1xx_it.o
    0x0800652c   0x0800652c   0x0000000c   Code   RO         1132    i.TIM4_IRQHandler   stm32f1xx_it.o
    0x08006538   0x08006538   0x00000078   Code   RO         3208    i.TIM_Base_SetConfig  stm32f1xx_hal_tim.o
    0x080065b0   0x080065b0   0x00000014   Code   RO         3219    i.TIM_ETR_SetConfig  stm32f1xx_hal_tim.o
    0x080065c4   0x080065c4   0x00000010   Code   RO         3220    i.TIM_ITRx_SetConfig  stm32f1xx_hal_tim.o
    0x080065d4   0x080065d4   0x00000060   Code   RO         3221    i.TIM_OC1_SetConfig  stm32f1xx_hal_tim.o
    0x08006634   0x08006634   0x00000064   Code   RO         3222    i.TIM_OC2_SetConfig  stm32f1xx_hal_tim.o
    0x08006698   0x08006698   0x00000060   Code   RO         3223    i.TIM_OC3_SetConfig  stm32f1xx_hal_tim.o
    0x080066f8   0x080066f8   0x00000048   Code   RO         3224    i.TIM_OC4_SetConfig  stm32f1xx_hal_tim.o
    0x08006740   0x08006740   0x00000022   Code   RO         3226    i.TIM_TI1_ConfigInputStage  stm32f1xx_hal_tim.o
    0x08006762   0x08006762   0x00000024   Code   RO         3228    i.TIM_TI2_ConfigInputStage  stm32f1xx_hal_tim.o
    0x08006786   0x08006786   0x00000002   PAD
    0x08006788   0x08006788   0x00000028   Code   RO           31    i.Take_smallernumber  st7567.o
    0x080067b0   0x080067b0   0x00000010   Code   RO         4140    i.UART_DMAAbortOnError  stm32f1xx_hal_uart.o
    0x080067c0   0x080067c0   0x0000004e   Code   RO         4150    i.UART_EndRxTransfer  stm32f1xx_hal_uart.o
    0x0800680e   0x0800680e   0x0000001a   Code   RO         4151    i.UART_EndTransmit_IT  stm32f1xx_hal_uart.o
    0x08006828   0x08006828   0x000000c8   Code   RO         4153    i.UART_Receive_IT   stm32f1xx_hal_uart.o
    0x080068f0   0x080068f0   0x000000b8   Code   RO         4154    i.UART_SetConfig    stm32f1xx_hal_uart.o
    0x080069a8   0x080069a8   0x00000038   Code   RO         4156    i.UART_Start_Receive_IT  stm32f1xx_hal_uart.o
    0x080069e0   0x080069e0   0x0000005e   Code   RO         4157    i.UART_Transmit_IT  stm32f1xx_hal_uart.o
    0x08006a3e   0x08006a3e   0x00000074   Code   RO         4158    i.UART_WaitOnFlagUntilTimeout  stm32f1xx_hal_uart.o
    0x08006ab2   0x08006ab2   0x00000002   PAD
    0x08006ab4   0x08006ab4   0x00000048   Code   RO         1053    i.USART1_IRQHandler  usart.o
    0x08006afc   0x08006afc   0x0000000c   Code   RO         1133    i.USART2_IRQHandler  stm32f1xx_it.o
    0x08006b08   0x08006b08   0x00000002   Code   RO         1134    i.UsageFault_Handler  stm32f1xx_it.o
    0x08006b0a   0x08006b0a   0x00000002   PAD
    0x08006b0c   0x08006b0c   0x00000060   Code   RO          624    i.Voltage_limit     freertos.o
    0x08006b6c   0x08006b6c   0x0000009c   Code   RO          258    i.Write_SPI         rn8302b.o
    0x08006c08   0x08006c08   0x0000001c   Code   RO          259    i.Write_SPI_OneByte  rn8302b.o
    0x08006c24   0x08006c24   0x00000020   Code   RO         6069    i.__0printf         mc_w.l(printfa.o)
    0x08006c44   0x08006c44   0x00000020   Code   RO         1806    i.__NVIC_SetPriority  stm32f1xx_hal_cortex.o
    0x08006c64   0x08006c64   0x00000024   Code   RO          625    i.__NVIC_SystemReset  freertos.o
    0x08006c88   0x08006c88   0x0000000e   Code   RO         6165    i.__scatterload_copy  mc_w.l(handlers.o)
    0x08006c96   0x08006c96   0x00000002   Code   RO         6166    i.__scatterload_null  mc_w.l(handlers.o)
    0x08006c98   0x08006c98   0x0000000e   Code   RO         6167    i.__scatterload_zeroinit  mc_w.l(handlers.o)
    0x08006ca6   0x08006ca6   0x00000002   PAD
    0x08006ca8   0x08006ca8   0x00000184   Code   RO         6076    i._fp_digits        mc_w.l(printfa.o)
    0x08006e2c   0x08006e2c   0x000006dc   Code   RO         6077    i._printf_core      mc_w.l(printfa.o)
    0x08007508   0x08007508   0x00000024   Code   RO         6078    i._printf_post_padding  mc_w.l(printfa.o)
    0x0800752c   0x0800752c   0x0000002e   Code   RO         6079    i._printf_pre_padding  mc_w.l(printfa.o)
    0x0800755a   0x0800755a   0x0000000c   Code   RO          626    i.absoluteValue     freertos.o
    0x08007566   0x08007566   0x00000078   Code   RO          627    i.ammeter_set       freertos.o
    0x080075de   0x080075de   0x00000002   PAD
    0x080075e0   0x080075e0   0x0000003c   Code   RO          628    i.blinkOnIncrement  freertos.o
    0x0800761c   0x0800761c   0x0000005a   Code   RO          629    i.connection_set    freertos.o
    0x08007676   0x08007676   0x0000002e   Code   RO          630    i.convertToFloat    freertos.o
    0x080076a4   0x080076a4   0x00000054   Code   RO          632    i.decreaseVariable  freertos.o
    0x080076f8   0x080076f8   0x00000328   Code   RO          633    i.deplete           freertos.o
    0x08007a20   0x08007a20   0x00000008   Code   RO          449    i.floatToUint16Pair  modbus.o
    0x08007a28   0x08007a28   0x00000018   Code   RO         1054    i.fputc             usart.o
    0x08007a40   0x08007a40   0x00000040   Code   RO          635    i.increaseVariable  freertos.o
    0x08007a80   0x08007a80   0x00000032   Code   RO          636    i.is_reset          freertos.o
    0x08007ab2   0x08007ab2   0x00000002   PAD
    0x08007ab4   0x08007ab4   0x00000200   Code   RO          526    i.main              main.o
    0x08007cb4   0x08007cb4   0x0000000c   Code   RO         5312    i.makeFreeRtosPriority  cmsis_os.o
    0x08007cc0   0x08007cc0   0x000000b0   Code   RO          637    i.menu              freertos.o
    0x08007d70   0x08007d70   0x00000010   Code   RO         5314    i.osDelay           cmsis_os.o
    0x08007d80   0x08007d80   0x0000000a   Code   RO         5317    i.osKernelStart     cmsis_os.o
    0x08007d8a   0x08007d8a   0x00000058   Code   RO         5351    i.osThreadCreate    cmsis_os.o
    0x08007de2   0x08007de2   0x00000002   PAD
    0x08007de4   0x08007de4   0x00000070   Code   RO         4983    i.prvAddCurrentTaskToDelayedList  tasks.o
    0x08007e54   0x08007e54   0x00000088   Code   RO         4984    i.prvAddNewTaskToReadyList  tasks.o
    0x08007edc   0x08007edc   0x0000003c   Code   RO         4985    i.prvCheckTasksWaitingTermination  tasks.o
    0x08007f18   0x08007f18   0x00000040   Code   RO         4986    i.prvDeleteTCB      tasks.o
    0x08007f58   0x08007f58   0x0000004c   Code   RO         5679    i.prvHeapInit       heap_4.o
    0x08007fa4   0x08007fa4   0x00000028   Code   RO         4987    i.prvIdleTask       tasks.o
    0x08007fcc   0x08007fcc   0x00000094   Code   RO         4988    i.prvInitialiseNewTask  tasks.o
    0x08008060   0x08008060   0x00000058   Code   RO         4989    i.prvInitialiseTaskLists  tasks.o
    0x080080b8   0x080080b8   0x00000054   Code   RO         5680    i.prvInsertBlockIntoFreeList  heap_4.o
    0x0800810c   0x0800810c   0x00000024   Code   RO         4990    i.prvResetNextTaskUnblockTime  tasks.o
    0x08008130   0x08008130   0x0000002c   Code   RO         5748    i.prvTaskExitError  port.o
    0x0800815c   0x0800815c   0x000000dc   Code   RO         5681    i.pvPortMalloc      heap_4.o
    0x08008238   0x08008238   0x0000001c   Code   RO         5749    i.pxPortInitialiseStack  port.o
    0x08008254   0x08008254   0x00000004   Code   RO          381    i.sysDelay_ms       at24c02.o
    0x08008258   0x08008258   0x00000026   Code   RO         4609    i.uxListRemove      list.o
    0x0800827e   0x0800827e   0x00000002   PAD
    0x08008280   0x08008280   0x00000014   Code   RO          642    i.vApplicationGetIdleTaskMemory  freertos.o
    0x08008294   0x08008294   0x00000016   Code   RO         4610    i.vListInitialise   list.o
    0x080082aa   0x080082aa   0x00000006   Code   RO         4611    i.vListInitialiseItem  list.o
    0x080082b0   0x080082b0   0x00000030   Code   RO         4612    i.vListInsert       list.o
    0x080082e0   0x080082e0   0x00000018   Code   RO         4613    i.vListInsertEnd    list.o
    0x080082f8   0x080082f8   0x00000040   Code   RO         5751    i.vPortEnterCritical  port.o
    0x08008338   0x08008338   0x0000002c   Code   RO         5752    i.vPortExitCritical  port.o
    0x08008364   0x08008364   0x00000064   Code   RO         5682    i.vPortFree         heap_4.o
    0x080083c8   0x080083c8   0x00000024   Code   RO         5753    i.vPortSetupTimerInterrupt  port.o
    0x080083ec   0x080083ec   0x00000050   Code   RO         4999    i.vTaskDelay        tasks.o
    0x0800843c   0x0800843c   0x00000088   Code   RO         5012    i.vTaskStartScheduler  tasks.o
    0x080084c4   0x080084c4   0x00000010   Code   RO         5014    i.vTaskSuspendAll   tasks.o
    0x080084d4   0x080084d4   0x00000060   Code   RO         5015    i.vTaskSwitchContext  tasks.o
    0x08008534   0x08008534   0x000000b0   Code   RO          643    i.warning_Interface  freertos.o
    0x080085e4   0x080085e4   0x000000a8   Code   RO         5755    i.xPortStartScheduler  port.o
    0x0800868c   0x0800868c   0x00000064   Code   RO         5018    i.xTaskCreate       tasks.o
    0x080086f0   0x080086f0   0x0000005c   Code   RO         5019    i.xTaskCreateStatic  tasks.o
    0x0800874c   0x0800874c   0x000000d0   Code   RO         5026    i.xTaskIncrementTick  tasks.o
    0x0800881c   0x0800881c   0x000000cc   Code   RO         5032    i.xTaskResumeAll    tasks.o
    0x080088e8   0x080088e8   0x00001488   Data   RO           32    .constdata          st7567.o
    0x08009d70   0x08009d70   0x000000a8   Data   RO          648    .constdata          freertos.o
    0x08009e18   0x08009e18   0x00000012   Data   RO         1500    .constdata          stm32f1xx_hal_rcc.o
    0x08009e2a   0x08009e2a   0x00000010   Data   RO         4472    .constdata          system_stm32f1xx.o
    0x08009e3a   0x08009e3a   0x00000008   Data   RO         4473    .constdata          system_stm32f1xx.o
    0x08009e42   0x08009e42   0x00000002   PAD
    0x08009e44   0x08009e44   0x00000052   Data   RO          649    .conststring        freertos.o
    0x08009e96   0x08009e96   0x00000002   PAD
    0x08009e98   0x08009e98   0x00000020   Data   RO         6163    Region$$Table       anon$$obj.o


    Execution Region RW_IRAM1 (Exec base: 0x20000000, Load base: 0x08009eb8, Size: 0x000028d0, Max: 0x00005000, ABSOLUTE, COMPRESSED[0x00000040])

    Exec Addr    Load Addr    Size         Type   Attr      Idx    E Section Name        Object

    0x20000000   COMPRESSED   0x00000001   Data   RW          532    .data               main.o
    0x20000001   COMPRESSED   0x00000003   PAD
    0x20000004   COMPRESSED   0x0000016c   Data   RW          650    .data               freertos.o
    0x20000170   COMPRESSED   0x00000004   Data   RW         1057    .data               usart.o
    0x20000174   COMPRESSED   0x0000000c   Data   RW         1336    .data               stm32f1xx_hal.o
    0x20000180   COMPRESSED   0x00000004   Data   RW         4474    .data               system_stm32f1xx.o
    0x20000184   COMPRESSED   0x0000003c   Data   RW         5035    .data               tasks.o
    0x200001c0   COMPRESSED   0x00000020   Data   RW         5688    .data               heap_4.o
    0x200001e0   COMPRESSED   0x0000000c   Data   RW         5756    .data               port.o
    0x200001ec   COMPRESSED   0x00000004   Data   RW         6141    .data               mc_w.l(stdout.o)
    0x200001f0        -       0x00000500   Zero   RW          450    .bss                modbus.o
    0x200006f0        -       0x00000290   Zero   RW          644    .bss                freertos.o
    0x20000980        -       0x00000054   Zero   RW          895    .bss                i2c.o
    0x200009d4        -       0x00000058   Zero   RW          937    .bss                spi.o
    0x20000a2c        -       0x000000d8   Zero   RW          984    .bss                tim.o
    0x20000b04        -       0x00000090   Zero   RW         1056    .bss                usart.o
    0x20000b94        -       0x00000048   Zero   RW         1239    .bss                stm32f1xx_hal_timebase_tim.o
    0x20000bdc        -       0x000000f0   Zero   RW         5034    .bss                tasks.o
    0x20000ccc        -       0x00001800   Zero   RW         5687    .bss                heap_4.o
    0x200024cc   COMPRESSED   0x00000004   PAD
    0x200024d0        -       0x00000400   Zero   RW            1    STACK               startup_stm32f103xb.o


==============================================================================

Image component sizes


      Code (inc. data)   RO Data    RW Data    ZI Data      Debug   Object Name

       328         20          0          0          0      15368   at24c02.o
       126          0          0          0          0      22907   cmsis_os.o
         0          0          0          0          0      16936   event_groups.o
     12260        548        250        364        656      51871   freertos.o
       320         18          0          0          0       1003   gpio.o
       480         26          0         32       6144       7319   heap_4.o
       176         30          0          0         84       1621   i2c.o
       138          0          0          0          0       3294   list.o
       650         20          0          1          0       4014   main.o
      1026        130          0          0       1280       6760   modbus.o
       578         60          0         12          0      10116   port.o
       308         22          0          0          0      22358   rn8302b.o
       188         20          0          0         88       1589   spi.o
       746         54       5256          0          0     452349   st7567.o
        36          8        236          0       1024        784   startup_stm32f103xb.o
       100         18          0         12          0       5118   stm32f1xx_hal.o
       158         14          0          0          0      28166   stm32f1xx_hal_cortex.o
       222          4          0          0          0       1687   stm32f1xx_hal_dma.o
       540         32          0          0          0       3988   stm32f1xx_hal_gpio.o
      2704         50          0          0          0      12238   stm32f1xx_hal_i2c.o
        88         10          0          0          0        862   stm32f1xx_hal_msp.o
       148         16          0          0          0       2729   stm32f1xx_hal_pwr.o
      1488         98         18          0          0       7053   stm32f1xx_hal_rcc.o
       942          4          0          0          0       4597   stm32f1xx_hal_spi.o
      1606         46          0          0          0      13742   stm32f1xx_hal_tim.o
       192         14          0          0          0       3177   stm32f1xx_hal_tim_ex.o
       152         18          0          0         72       1495   stm32f1xx_hal_timebase_tim.o
      1642         12          0          0          0      12342   stm32f1xx_hal_uart.o
        72         30          0          0          0       4561   stm32f1xx_it.o
         0          0          0          0          0        376   stream_buffer.o
         2          0         24          4          0       1059   system_stm32f1xx.o
      1616        120          0         60        240      19917   tasks.o
       600         60          0          0        216       4096   tim.o
       540         68          0          4        144       5969   usart.o

    ----------------------------------------------------------------------
     30218       1570       5820        492       9952     751461   Object Totals
         0          0         32          0          0          0   (incl. Generated)
        46          0          4          3          4          0   (incl. Padding)

    ----------------------------------------------------------------------

      Code (inc. data)   RO Data    RW Data    ZI Data      Debug   Library Member Name

        58          0          0          0          0          0   __dczerorl.o
         0          0          0          0          0          0   entry.o
         0          0          0          0          0          0   entry10a.o
         0          0          0          0          0          0   entry11a.o
         8          4          0          0          0          0   entry2.o
         4          0          0          0          0          0   entry5.o
         0          0          0          0          0          0   entry7b.o
         0          0          0          0          0          0   entry8b.o
         8          4          0          0          0          0   entry9a.o
        30          0          0          0          0          0   handlers.o
        36          8          0          0          0         68   init.o
         0          0          0          0          0          0   iusefp.o
        30          0          0          0          0         68   llshl.o
        36          0          0          0          0         68   llsshr.o
        32          0          0          0          0         68   llushr.o
        36          0          0          0          0         68   memcpya.o
        36          0          0          0          0        108   memseta.o
      2258         90          0          0          0        452   printfa.o
         0          0          0          4          0          0   stdout.o
        44          0          0          0          0         80   uidiv.o
        98          0          0          0          0         92   uldiv.o
        48          0          0          0          0         68   cdrcmple.o
        20          0          0          0          0         68   cfcmple.o
        20          0          0          0          0         68   cfrcmple.o
        56          0          0          0          0         88   d2f.o
       334          0          0          0          0        148   dadd.o
       222          0          0          0          0        100   ddiv.o
       186          0          0          0          0        176   depilogue.o
        48          0          0          0          0         68   dfixul.o
        26          0          0          0          0         76   dfltui.o
       228          0          0          0          0         96   dmul.o
        38          0          0          0          0         68   f2d.o
       176          0          0          0          0        140   fadd.o
       124          0          0          0          0         88   fdiv.o
       110          0          0          0          0        168   fepilogue.o
        50          0          0          0          0         68   ffixi.o
        40          0          0          0          0         68   ffixui.o
        18          0          0          0          0         68   fflti.o
        10          0          0          0          0         68   ffltui.o
       100          0          0          0          0         76   fmul.o
        24          0          0          0          0         68   fscalb.o

    ----------------------------------------------------------------------
      4594        106          0          4          0       2908   Library Totals
         2          0          0          0          0          0   (incl. Padding)

    ----------------------------------------------------------------------

      Code (inc. data)   RO Data    RW Data    ZI Data      Debug   Library Name

      2714        106          0          4          0       1072   mc_w.l
      1878          0          0          0          0       1836   mf_w.l

    ----------------------------------------------------------------------
      4594        106          0          4          0       2908   Library Totals

    ----------------------------------------------------------------------

==============================================================================


      Code (inc. data)   RO Data    RW Data    ZI Data      Debug   

     34812       1676       5820        496       9952     742277   Grand Totals
     34812       1676       5820         64       9952     742277   ELF Image Totals (compressed)
     34812       1676       5820         64          0          0   ROM Totals

==============================================================================

    Total RO  Size (Code + RO Data)                40632 (  39.68kB)
    Total RW  Size (RW Data + ZI Data)             10448 (  10.20kB)
    Total ROM Size (Code + RO Data + RW Data)      40696 (  39.74kB)

==============================================================================

